../Core/Src/main.c:141:5:_write	1
../Core/Src/main.c:183:5:main	93
../Core/Src/main.c:644:6:SystemClock_Config	4
../Core/Src/main.c:691:13:MX_ADC1_Init	7
../Core/Src/main.c:774:13:MX_TIM2_Init	7
../Core/Src/main.c:835:13:MX_TIM3_Init	4
../Core/Src/main.c:883:13:MX_USART2_UART_Init	2
../Core/Src/main.c:914:13:MX_DMA_Init	1
../Core/Src/main.c:932:13:MX_GPIO_Init	1
../Core/Src/main.c:994:6:Motor_180_Turn	2
../Core/Src/main.c:1010:6:Motor_Stop	1
../Core/Src/main.c:1018:6:Motor_Forward	1
../Core/Src/main.c:1026:6:Motor_Reverse	1
../Core/Src/main.c:1034:6:Motor_Turn_Left	1
../Core/Src/main.c:1042:6:Motor_Turn_Right	1
../Core/Src/main.c:1050:6:Calibrate_IR_Sensors	8
../Core/Src/main.c:1091:6:Read_Line_Sensors	6
../Core/Src/main.c:1123:7:Compute_Line_Error	4
../Core/Src/main.c:1147:6:Line_PID_Control	7
../Core/Src/main.c:1171:6:Print_Sensor_Binary	1
../Core/Src/main.c:1189:6:Set_LED_Color	1
../Core/Src/main.c:1195:6:Handle_Object_Detection	11
../Core/Src/main.c:1299:6:Handle_Drop_Point	1
../Core/Src/main.c:1315:6:RGB_Off	1
../Core/Src/main.c:1320:6:RGB_Yellow	1
../Core/Src/main.c:1327:6:RGB_Process	3
../Core/Src/main.c:1348:6:Error_Handler	1
