../Core/Src/main.c:141:5:_write	24	static
../Core/Src/main.c:183:5:main	16	static
../Core/Src/main.c:644:6:SystemClock_Config	88	static
../Core/Src/main.c:691:13:MX_ADC1_Init	24	static
../Core/Src/main.c:774:13:MX_TIM2_Init	48	static
../Core/Src/main.c:835:13:MX_TIM3_Init	32	static
../Core/Src/main.c:883:13:MX_USART2_UART_Init	8	static
../Core/Src/main.c:914:13:MX_DMA_Init	16	static
../Core/Src/main.c:932:13:MX_GPIO_Init	40	static
../Core/Src/main.c:994:6:Motor_180_Turn	8	static
../Core/Src/main.c:1010:6:Motor_Stop	4	static
../Core/Src/main.c:1018:6:Motor_Forward	16	static
../Core/Src/main.c:1026:6:Motor_Reverse	16	static
../Core/Src/main.c:1034:6:Motor_Turn_Left	16	static
../Core/Src/main.c:1042:6:Motor_Turn_Right	16	static
../Core/Src/main.c:1050:6:Calibrate_IR_Sensors	32	static
../Core/Src/main.c:1091:6:Read_Line_Sensors	16	static
../Core/Src/main.c:1123:7:Compute_Line_Error	24	static
../Core/Src/main.c:1147:6:Line_PID_Control	24	static
../Core/Src/main.c:1171:6:Print_Sensor_Binary	56	static
../Core/Src/main.c:1189:6:Set_LED_Color	16	static
../Core/Src/main.c:1195:6:Handle_Object_Detection	24	static
../Core/Src/main.c:1299:6:Handle_Drop_Point	8	static
../Core/Src/main.c:1315:6:RGB_Off	8	static
../Core/Src/main.c:1320:6:RGB_Yellow	8	static
../Core/Src/main.c:1327:6:RGB_Process	8	static
../Core/Src/main.c:1348:6:Error_Handler	4	static,ignoring_inline_asm
