Archive member included to satisfy reference by file (symbol)

C:/ST/STM32CubeIDE_1.19.0/STM32CubeIDE/plugins/com.st.stm32cube.ide.mcu.externaltools.gnu-tools-for-stm32.13.3.rel1.win32_1.0.0.202411081344/tools/bin/../lib/gcc/arm-none-eabi/13.3.1/../../../../arm-none-eabi/lib/thumb/v7-m/nofp\libc_nano.a(libc_a-exit.o)
                              C:/ST/STM32CubeIDE_1.19.0/STM32CubeIDE/plugins/com.st.stm32cube.ide.mcu.externaltools.gnu-tools-for-stm32.13.3.rel1.win32_1.0.0.202411081344/tools/bin/../lib/gcc/arm-none-eabi/13.3.1/../../../../arm-none-eabi/lib/thumb/v7-m/nofp/crt0.o (exit)
C:/ST/STM32CubeIDE_1.19.0/STM32CubeIDE/plugins/com.st.stm32cube.ide.mcu.externaltools.gnu-tools-for-stm32.13.3.rel1.win32_1.0.0.202411081344/tools/bin/../lib/gcc/arm-none-eabi/13.3.1/../../../../arm-none-eabi/lib/thumb/v7-m/nofp\libc_nano.a(libc_a-findfp.o)
                              C:/ST/STM32CubeIDE_1.19.0/STM32CubeIDE/plugins/com.st.stm32cube.ide.mcu.externaltools.gnu-tools-for-stm32.13.3.rel1.win32_1.0.0.202411081344/tools/bin/../lib/gcc/arm-none-eabi/13.3.1/../../../../arm-none-eabi/lib/thumb/v7-m/nofp\libc_nano.a(libc_a-exit.o) (__stdio_exit_handler)
C:/ST/STM32CubeIDE_1.19.0/STM32CubeIDE/plugins/com.st.stm32cube.ide.mcu.externaltools.gnu-tools-for-stm32.13.3.rel1.win32_1.0.0.202411081344/tools/bin/../lib/gcc/arm-none-eabi/13.3.1/../../../../arm-none-eabi/lib/thumb/v7-m/nofp\libc_nano.a(libc_a-fwalk.o)
                              C:/ST/STM32CubeIDE_1.19.0/STM32CubeIDE/plugins/com.st.stm32cube.ide.mcu.externaltools.gnu-tools-for-stm32.13.3.rel1.win32_1.0.0.202411081344/tools/bin/../lib/gcc/arm-none-eabi/13.3.1/../../../../arm-none-eabi/lib/thumb/v7-m/nofp\libc_nano.a(libc_a-findfp.o) (_fwalk_sglue)
C:/ST/STM32CubeIDE_1.19.0/STM32CubeIDE/plugins/com.st.stm32cube.ide.mcu.externaltools.gnu-tools-for-stm32.13.3.rel1.win32_1.0.0.202411081344/tools/bin/../lib/gcc/arm-none-eabi/13.3.1/../../../../arm-none-eabi/lib/thumb/v7-m/nofp\libc_nano.a(libc_a-printf.o)
                              ./Core/Inc/Color.o (printf)
C:/ST/STM32CubeIDE_1.19.0/STM32CubeIDE/plugins/com.st.stm32cube.ide.mcu.externaltools.gnu-tools-for-stm32.13.3.rel1.win32_1.0.0.202411081344/tools/bin/../lib/gcc/arm-none-eabi/13.3.1/../../../../arm-none-eabi/lib/thumb/v7-m/nofp\libc_nano.a(libc_a-puts.o)
                              ./Core/Src/main.o (puts)
C:/ST/STM32CubeIDE_1.19.0/STM32CubeIDE/plugins/com.st.stm32cube.ide.mcu.externaltools.gnu-tools-for-stm32.13.3.rel1.win32_1.0.0.202411081344/tools/bin/../lib/gcc/arm-none-eabi/13.3.1/../../../../arm-none-eabi/lib/thumb/v7-m/nofp\libc_nano.a(libc_a-snprintf.o)
                              ./Core/Src/main.o (snprintf)
C:/ST/STM32CubeIDE_1.19.0/STM32CubeIDE/plugins/com.st.stm32cube.ide.mcu.externaltools.gnu-tools-for-stm32.13.3.rel1.win32_1.0.0.202411081344/tools/bin/../lib/gcc/arm-none-eabi/13.3.1/../../../../arm-none-eabi/lib/thumb/v7-m/nofp\libc_nano.a(libc_a-stdio.o)
                              C:/ST/STM32CubeIDE_1.19.0/STM32CubeIDE/plugins/com.st.stm32cube.ide.mcu.externaltools.gnu-tools-for-stm32.13.3.rel1.win32_1.0.0.202411081344/tools/bin/../lib/gcc/arm-none-eabi/13.3.1/../../../../arm-none-eabi/lib/thumb/v7-m/nofp\libc_nano.a(libc_a-findfp.o) (__sread)
C:/ST/STM32CubeIDE_1.19.0/STM32CubeIDE/plugins/com.st.stm32cube.ide.mcu.externaltools.gnu-tools-for-stm32.13.3.rel1.win32_1.0.0.202411081344/tools/bin/../lib/gcc/arm-none-eabi/13.3.1/../../../../arm-none-eabi/lib/thumb/v7-m/nofp\libc_nano.a(libc_a-wbuf.o)
                              C:/ST/STM32CubeIDE_1.19.0/STM32CubeIDE/plugins/com.st.stm32cube.ide.mcu.externaltools.gnu-tools-for-stm32.13.3.rel1.win32_1.0.0.202411081344/tools/bin/../lib/gcc/arm-none-eabi/13.3.1/../../../../arm-none-eabi/lib/thumb/v7-m/nofp\libc_nano.a(libc_a-puts.o) (__swbuf_r)
C:/ST/STM32CubeIDE_1.19.0/STM32CubeIDE/plugins/com.st.stm32cube.ide.mcu.externaltools.gnu-tools-for-stm32.13.3.rel1.win32_1.0.0.202411081344/tools/bin/../lib/gcc/arm-none-eabi/13.3.1/../../../../arm-none-eabi/lib/thumb/v7-m/nofp\libc_nano.a(libc_a-wsetup.o)
                              C:/ST/STM32CubeIDE_1.19.0/STM32CubeIDE/plugins/com.st.stm32cube.ide.mcu.externaltools.gnu-tools-for-stm32.13.3.rel1.win32_1.0.0.202411081344/tools/bin/../lib/gcc/arm-none-eabi/13.3.1/../../../../arm-none-eabi/lib/thumb/v7-m/nofp\libc_nano.a(libc_a-puts.o) (__swsetup_r)
C:/ST/STM32CubeIDE_1.19.0/STM32CubeIDE/plugins/com.st.stm32cube.ide.mcu.externaltools.gnu-tools-for-stm32.13.3.rel1.win32_1.0.0.202411081344/tools/bin/../lib/gcc/arm-none-eabi/13.3.1/../../../../arm-none-eabi/lib/thumb/v7-m/nofp\libc_nano.a(libc_a-memset.o)
                              C:/ST/STM32CubeIDE_1.19.0/STM32CubeIDE/plugins/com.st.stm32cube.ide.mcu.externaltools.gnu-tools-for-stm32.13.3.rel1.win32_1.0.0.202411081344/tools/bin/../lib/gcc/arm-none-eabi/13.3.1/../../../../arm-none-eabi/lib/thumb/v7-m/nofp/crt0.o (memset)
[...]
Memory Configuration

Name             Origin             Length             Attributes
RAM              0x20000000         0x00005000         xrw
FLASH            0x08000000         0x00020000         xr
*default*        0x00000000         0xffffffff

Linker script and memory map

LOAD C:/ST/STM32CubeIDE_1.19.0/STM32CubeIDE/plugins/com.st.stm32cube.ide.mcu.externaltools.gnu-tools-for-stm32.13.3.rel1.win32_1.0.0.202411081344/tools/bin/../lib/gcc/arm-none-eabi/13.3.1/thumb/v7-m/nofp/crti.o
LOAD C:/ST/STM32CubeIDE_1.19.0/STM32CubeIDE/plugins/com.st.stm32cube.ide.mcu.externaltools.gnu-tools-for-stm32.13.3.rel1.win32_1.0.0.202411081344/tools/bin/../lib/gcc/arm-none-eabi/13.3.1/thumb/v7-m/nofp/crtbegin.o
LOAD C:/ST/STM32CubeIDE_1.19.0/STM32CubeIDE/plugins/com.st.stm32cube.ide.mcu.externaltools.gnu-tools-for-stm32.13.3.rel1.win32_1.0.0.202411081344/tools/bin/../lib/gcc/arm-none-eabi/13.3.1/../../../../arm-none-eabi/lib/thumb/v7-m/nofp/crt0.o
LOAD ./Core/Inc/Color.o
LOAD ./Core/Src/main.o
LOAD ./Core/Src/stm32f1xx_hal_msp.o
LOAD ./Core/Src/stm32f1xx_it.o
LOAD ./Core/Src/syscalls.o
LOAD ./Core/Src/sysmem.o
LOAD ./Core/Src/system_stm32f1xx.o
LOAD ./Core/Startup/startup_stm32f103rbtx.o
LOAD ./Drivers/STM32F1xx_HAL_Driver/Src/stm32f1xx_hal.o
LOAD ./Drivers/STM32F1xx_HAL_Driver/Src/stm32f1xx_hal_adc.o
LOAD ./Drivers/STM32F1xx_HAL_Driver/Src/stm32f1xx_hal_adc_ex.o
LOAD ./Drivers/STM32F1xx_HAL_Driver/Src/stm32f1xx_hal_cortex.o
LOAD ./Drivers/STM32F1xx_HAL_Driver/Src/stm32f1xx_hal_dma.o
LOAD ./Drivers/STM32F1xx_HAL_Driver/Src/stm32f1xx_hal_exti.o
LOAD ./Drivers/STM32F1xx_HAL_Driver/Src/stm32f1xx_hal_flash.o
LOAD ./Drivers/STM32F1xx_HAL_Driver/Src/stm32f1xx_hal_flash_ex.o
LOAD ./Drivers/STM32F1xx_HAL_Driver/Src/stm32f1xx_hal_gpio.o
LOAD ./Drivers/STM32F1xx_HAL_Driver/Src/stm32f1xx_hal_gpio_ex.o
LOAD ./Drivers/STM32F1xx_HAL_Driver/Src/stm32f1xx_hal_pwr.o
LOAD ./Drivers/STM32F1xx_HAL_Driver/Src/stm32f1xx_hal_rcc.o
LOAD ./Drivers/STM32F1xx_HAL_Driver/Src/stm32f1xx_hal_rcc_ex.o
LOAD ./Drivers/STM32F1xx_HAL_Driver/Src/stm32f1xx_hal_tim.o
LOAD ./Drivers/STM32F1xx_HAL_Driver/Src/stm32f1xx_hal_tim_ex.o
LOAD ./Drivers/STM32F1xx_HAL_Driver/Src/stm32f1xx_hal_uart.o
START GROUP
LOAD C:/ST/STM32CubeIDE_1.19.0/STM32CubeIDE/plugins/com.st.stm32cube.ide.mcu.externaltools.gnu-tools-for-stm32.13.3.rel1.win32_1.0.0.202411081344/tools/bin/../lib/gcc/arm-none-eabi/13.3.1/../../../../arm-none-eabi/lib/thumb/v7-m/nofp\libc_nano.a
LOAD C:/ST/STM32CubeIDE_1.19.0/STM32CubeIDE/plugins/com.st.stm32cube.ide.mcu.externaltools.gnu-tools-for-stm32.13.3.rel1.win32_1.0.0.202411081344/tools/bin/../lib/gcc/arm-none-eabi/13.3.1/../../../../arm-none-eabi/lib/thumb/v7-m/nofp\libm.a
END GROUP
START GROUP
LOAD C:/ST/STM32CubeIDE_1.19.0/STM32CubeIDE/plugins/com.st.stm32cube.ide.mcu.externaltools.gnu-tools-for-stm32.13.3.rel1.win32_1.0.0.202411081344/tools/bin/../lib/gcc/arm-none-eabi/13.3.1/thumb/v7-m/nofp\libgcc.a
LOAD C:/ST/STM32CubeIDE_1.19.0/STM32CubeIDE/plugins/com.st.stm32cube.ide.mcu.externaltools.gnu-tools-for-stm32.13.3.rel1.win32_1.0.0.202411081344/tools/bin/../lib/gcc/arm-none-eabi/13.3.1/../../../../arm-none-eabi/lib/thumb/v7-m/nofp\libc_nano.a
END GROUP
START GROUP
LOAD C:/ST/STM32CubeIDE_1.19.0/STM32CubeIDE/plugins/com.st.stm32cube.ide.mcu.externaltools.gnu-tools-for-stm32.13.3.rel1.win32_1.0.0.202411081344/tools/bin/../lib/gcc/arm-none-eabi/13.3.1/thumb/v7-m/nofp\libgcc.a
LOAD C:/ST/STM32CubeIDE_1.19.0/STM32CubeIDE/plugins/com.st.stm32cube.ide.mcu.externaltools.gnu-tools-for-stm32.13.3.rel1.win32_1.0.0.202411081344/tools/bin/../lib/gcc/arm-none-eabi/13.3.1/../../../../arm-none-eabi/lib/thumb/v7-m/nofp\libc_nano.a
LOAD C:/ST/STM32CubeIDE_1.19.0/STM32CubeIDE/plugins/com.st.stm32cube.ide.mcu.externaltools.gnu-tools-for-stm32.13.3.rel1.win32_1.0.0.202411081344/tools/bin/../lib/gcc/arm-none-eabi/13.3.1/../../../../arm-none-eabi/lib/thumb/v7-m/nofp\libnosys.a
END GROUP
START GROUP
LOAD C:/ST/STM32CubeIDE_1.19.0/STM32CubeIDE/plugins/com.st.stm32cube.ide.mcu.externaltools.gnu-tools-for-stm32.13.3.rel1.win32_1.0.0.202411081344/tools/bin/../lib/gcc/arm-none-eabi/13.3.1/thumb/v7-m/nofp\libgcc.a
LOAD C:/ST/STM32CubeIDE_1.19.0/STM32CubeIDE/plugins/com.st.stm32cube.ide.mcu.externaltools.gnu-tools-for-stm32.13.3.rel1.win32_1.0.0.202411081344/tools/bin/../lib/gcc/arm-none-eabi/13.3.1/../../../../arm-none-eabi/lib/thumb/v7-m/nofp\libc_nano.a
LOAD C:/ST/STM32CubeIDE_1.19.0/STM32CubeIDE/plugins/com.st.stm32cube.ide.mcu.externaltools.gnu-tools-for-stm32.13.3.rel1.win32_1.0.0.202411081344/tools/bin/../lib/gcc/arm-none-eabi/13.3.1/../../../../arm-none-eabi/lib/thumb/v7-m/nofp\libnosys.a
END GROUP
LOAD C:/ST/STM32CubeIDE_1.19.0/STM32CubeIDE/plugins/com.st.stm32cube.ide.mcu.externaltools.gnu-tools-for-stm32.13.3.rel1.win32_1.0.0.202411081344/tools/bin/../lib/gcc/arm-none-eabi/13.3.1/thumb/v7-m/nofp/crtend.o
LOAD C:/ST/STM32CubeIDE_1.19.0/STM32CubeIDE/plugins/com.st.stm32cube.ide.mcu.externaltools.gnu-tools-for-stm32.13.3.rel1.win32_1.0.0.202411081344/tools/bin/../lib/gcc/arm-none-eabi/13.3.1/thumb/v7-m/nofp/crtn.o
                0x20005000                        _estack = (ORIGIN (RAM) + LENGTH (RAM))
                0x00000200                        _Min_Heap_Size = 0x200
                0x00000400                        _Min_Stack_Size = 0x400

.isr_vector     0x08000000      0x10c
                0x08000000                        . = ALIGN (0x4)
 *(.isr_vector)
 .isr_vector    0x08000000      0x10c ./Core/Startup/startup_stm32f103rbtx.o
                0x08000000                g_pfnVectors
                0x0800010c                        . = ALIGN (0x4)

.text           0x08000110     0x7178
                0x08000110                        . = ALIGN (0x4)
 *(.text)
 .text          0x08000110       0x40 C:/ST/STM32CubeIDE_1.19.0/STM32CubeIDE/plugins/com.st.stm32cube.ide.mcu.externaltools.gnu-tools-for-stm32.13.3.rel1.win32_1.0.0.202411081344/tools/bin/../lib/gcc/arm-none-eabi/13.3.1/thumb/v7-m/nofp/crtbegin.o
 .text          0x08000150      0x254 C:/ST/STM32CubeIDE_1.19.0/STM32CubeIDE/plugins/com.st.stm32cube.ide.mcu.externaltools.gnu-tools-for-stm32.13.3.rel1.win32_1.0.0.202411081344/tools/bin/../lib/gcc/arm-none-eabi/13.3.1/thumb/v7-m/nofp\libgcc.a(_arm_muldf3.o)
                0x08000150                __muldf3
                0x08000150                __aeabi_dmul
 .text          0x080003a4      0x378 C:/ST/STM32CubeIDE_1.19.0/STM32CubeIDE/plugins/com.st.stm32cube.ide.mcu.externaltools.gnu-tools-for-stm32.13.3.rel1.win32_1.0.0.202411081344/tools/bin/../lib/gcc/arm-none-eabi/13.3.1/thumb/v7-m/nofp\libgcc.a(_arm_addsubdf3.o)
                0x080003a4                __aeabi_drsub
                0x080003ac                __aeabi_dsub
                0x080003ac                __subdf3
                0x080003b0                __aeabi_dadd
                0x080003b0                __adddf3
                0x08000628                __floatunsidf
                0x08000628                __aeabi_ui2d
                0x08000648                __floatsidf
                0x08000648                __aeabi_i2d
                0x0800066c                __aeabi_f2d
                0x0800066c                __extendsfdf2
                0x080006b0                __floatundidf
                0x080006b0                __aeabi_ul2d
                0x080006c0                __floatdidf
                0x080006c0                __aeabi_l2d
 .text          0x0800071c      0x110 C:/ST/STM32CubeIDE_1.19.0/STM32CubeIDE/plugins/com.st.stm32cube.ide.mcu.externaltools.gnu-tools-for-stm32.13.3.rel1.win32_1.0.0.202411081344/tools/bin/../lib/gcc/arm-none-eabi/13.3.1/thumb/v7-m/nofp\libgcc.a(_arm_cmpdf2.o)
                0x0800071c                __gtdf2
                0x0800071c                __gedf2
                0x08000724                __ltdf2
                0x08000724                __ledf2
                0x0800072c                __nedf2
                0x0800072c                __eqdf2
                0x0800072c                __cmpdf2
                0x080007a8                __aeabi_cdrcmple
                0x080007b8                __aeabi_cdcmpeq
                0x080007b8                __aeabi_cdcmple
                0x080007c8                __aeabi_dcmpeq
                0x080007dc                __aeabi_dcmplt
                0x080007f0                __aeabi_dcmple
                0x08000804                __aeabi_dcmpge
                0x08000818                __aeabi_dcmpgt
 .text          0x0800082c      0x21c C:/ST/STM32CubeIDE_1.19.0/STM32CubeIDE/plugins/com.st.stm32cube.ide.mcu.externaltools.gnu-tools-for-stm32.13.3.rel1.win32_1.0.0.202411081344/tools/bin/../lib/gcc/arm-none-eabi/13.3.1/thumb/v7-m/nofp\libgcc.a(_arm_addsubsf3.o)
                0x0800082c                __aeabi_frsub
                0x08000834                __subsf3
                0x08000834                __aeabi_fsub
                0x08000838                __aeabi_fadd
                0x08000838                __addsf3
                0x08000998                __aeabi_ui2f
                0x08000998                __floatunsisf
                0x080009a0                __aeabi_i2f
                0x080009a0                __floatsisf
                0x080009bc                __aeabi_ul2f
                0x080009bc                __floatundisf
                0x080009cc                __aeabi_l2f
                0x080009cc                __floatdisf
 .text          0x08000a48      0x2a0 C:/ST/STM32CubeIDE_1.19.0/STM32CubeIDE/plugins/com.st.stm32cube.ide.mcu.externaltools.gnu-tools-for-stm32.13.3.rel1.win32_1.0.0.202411081344/tools/bin/../lib/gcc/arm-none-eabi/13.3.1/thumb/v7-m/nofp\libgcc.a(_arm_muldivsf3.o)
                0x08000a48                __mulsf3
                0x08000a48                __aeabi_fmul
                0x08000bb0                __aeabi_fdiv
                0x08000bb0                __divsf3
 .text          0x08000ce8       0xec C:/ST/STM32CubeIDE_1.19.0/STM32CubeIDE/plugins/com.st.stm32cube.ide.mcu.externaltools.gnu-tools-for-stm32.13.3.rel1.win32_1.0.0.202411081344/tools/bin/../lib/gcc/arm-none-eabi/13.3.1/thumb/v7-m/nofp\libgcc.a(_arm_cmpsf2.o)
                0x08000ce8                __gesf2
                0x08000ce8                __gtsf2
                0x08000cf0                __lesf2
                0x08000cf0                __ltsf2
                0x08000cf8                __nesf2
                0x08000cf8                __eqsf2
                0x08000cf8                __cmpsf2
                0x08000d58                __aeabi_cfrcmple
                0x08000d60                __aeabi_cfcmpeq
                0x08000d60                __aeabi_cfcmple
                0x08000d70                __aeabi_fcmpeq
                0x08000d84                __aeabi_fcmplt
                0x08000d98                __aeabi_fcmple
                0x08000dac                __aeabi_fcmpge
                0x08000dc0                __aeabi_fcmpgt
 .text          0x08000dd4       0x4c C:/ST/STM32CubeIDE_1.19.0/STM32CubeIDE/plugins/com.st.stm32cube.ide.mcu.externaltools.gnu-tools-for-stm32.13.3.rel1.win32_1.0.0.202411081344/tools/bin/../lib/gcc/arm-none-eabi/13.3.1/thumb/v7-m/nofp\libgcc.a(_arm_fixsfsi.o)
                0x08000dd4                __aeabi_f2iz
                0x08000dd4                __fixsfsi
 *(.text*)
 .text.RGB_LED_Off
                0x08000e20       0x30 ./Core/Inc/Color.o
 .text.HAL_TIM_IC_CaptureCallback
                0x08000e50       0xa4 ./Core/Inc/Color.o
                0x08000e50                HAL_TIM_IC_CaptureCallback
 .text.Color_Init
                0x08000ef4       0x48 ./Core/Inc/Color.o
                0x08000ef4                Color_Init
 .text.Color_ReadRed
                0x08000f3c       0x34 ./Core/Inc/Color.o
                0x08000f3c                Color_ReadRed
 .text.Color_ReadGreen
                0x08000f70       0x34 ./Core/Inc/Color.o
                0x08000f70                Color_ReadGreen
 .text.Color_ReadBlue
                0x08000fa4       0x34 ./Core/Inc/Color.o
                0x08000fa4                Color_ReadBlue
 .text._write   0x08000fd8       0x2c ./Core/Src/main.o
                0x08000fd8                _write
 .text.main     0x08001004      0x998 ./Core/Src/main.o
                0x08001004                main
 .text.SystemClock_Config
                0x0800199c       0xb6 ./Core/Src/main.o
                0x0800199c                SystemClock_Config
 *fill*         0x08001a52        0x2 
 .text.MX_ADC1_Init
                0x08001a54       0xf0 ./Core/Src/main.o
 .text.MX_TIM2_Init
                0x08001b44       0xf0 ./Core/Src/main.o
 .text.MX_TIM3_Init
                0x08001c34       0xa8 ./Core/Src/main.o
 .text.MX_USART2_UART_Init
                0x08001cdc       0x54 ./Core/Src/main.o
 .text.MX_DMA_Init
                0x08001d30       0x3c ./Core/Src/main.o
 .text.MX_GPIO_Init
                0x08001d6c      0x13c ./Core/Src/main.o
 .text.Motor_180_Turn
                0x08001ea8       0x3c ./Core/Src/main.o
                0x08001ea8                Motor_180_Turn
 .text.Motor_Stop
                0x08001ee4       0x30 ./Core/Src/main.o
                0x08001ee4                Motor_Stop
 .text.Motor_Forward
                0x08001f14       0x40 ./Core/Src/main.o
                0x08001f14                Motor_Forward
 .text.Motor_Turn_Left
                0x08001f54       0x40 ./Core/Src/main.o
                0x08001f54                Motor_Turn_Left
 .text.Motor_Turn_Right
                0x08001f94       0x40 ./Core/Src/main.o
                0x08001f94                Motor_Turn_Right
 .text.Calibrate_IR_Sensors
                0x08001fd4      0x134 ./Core/Src/main.o
                0x08001fd4                Calibrate_IR_Sensors
 .text.Read_Line_Sensors
                0x08002108      0x134 ./Core/Src/main.o
                0x08002108                Read_Line_Sensors
 .text.Compute_Line_Error
                0x0800223c       0xc8 ./Core/Src/main.o
                0x0800223c                Compute_Line_Error
 .text.Line_PID_Control
                0x08002304      0x198 ./Core/Src/main.o
                0x08002304                Line_PID_Control
 .text.Print_Sensor_Binary
                0x0800249c       0x94 ./Core/Src/main.o
                0x0800249c                Print_Sensor_Binary
 .text.Set_LED_Color
                0x08002530       0x48 ./Core/Src/main.o
                0x08002530                Set_LED_Color
 .text.Handle_Object_Detection
                0x08002578      0x1d0 ./Core/Src/main.o
                0x08002578                Handle_Object_Detection
 .text.Error_Handler
                0x08002748        0xc ./Core/Src/main.o
                0x08002748                Error_Handler
 .text.HAL_MspInit
                0x08002754       0x64 ./Core/Src/stm32f1xx_hal_msp.o
                0x08002754                HAL_MspInit
 .text.HAL_ADC_MspInit
                0x080027b8      0x110 ./Core/Src/stm32f1xx_hal_msp.o
                0x080027b8                HAL_ADC_MspInit
 .text.HAL_TIM_PWM_MspInit
                0x080028c8       0x38 ./Core/Src/stm32f1xx_hal_msp.o
                0x080028c8                HAL_TIM_PWM_MspInit
 .text.HAL_TIM_IC_MspInit
                0x08002900       0x8c ./Core/Src/stm32f1xx_hal_msp.o
                0x08002900                HAL_TIM_IC_MspInit
 .text.HAL_TIM_MspPostInit
                0x0800298c       0xc0 ./Core/Src/stm32f1xx_hal_msp.o
                0x0800298c                HAL_TIM_MspPostInit
 .text.HAL_UART_MspInit
                0x08002a4c       0x7c ./Core/Src/stm32f1xx_hal_msp.o
                0x08002a4c                HAL_UART_MspInit
 .text.NMI_Handler
                0x08002ac8        0x8 ./Core/Src/stm32f1xx_it.o
                0x08002ac8                NMI_Handler
 .text.HardFault_Handler
                0x08002ad0        0x8 ./Core/Src/stm32f1xx_it.o
                0x08002ad0                HardFault_Handler
 .text.MemManage_Handler
                0x08002ad8        0x8 ./Core/Src/stm32f1xx_it.o
                0x08002ad8                MemManage_Handler
 .text.BusFault_Handler
                0x08002ae0        0x8 ./Core/Src/stm32f1xx_it.o
                0x08002ae0                BusFault_Handler
 .text.UsageFault_Handler
                0x08002ae8        0x8 ./Core/Src/stm32f1xx_it.o
                0x08002ae8                UsageFault_Handler
 .text.SVC_Handler
                0x08002af0        0xc ./Core/Src/stm32f1xx_it.o
                0x08002af0                SVC_Handler
 .text.DebugMon_Handler
                0x08002afc        0xc ./Core/Src/stm32f1xx_it.o
                0x08002afc                DebugMon_Handler
 .text.PendSV_Handler
                0x08002b08        0xc ./Core/Src/stm32f1xx_it.o
                0x08002b08                PendSV_Handler
 .text.SysTick_Handler
                0x08002b14        0xc ./Core/Src/stm32f1xx_it.o
                0x08002b14                SysTick_Handler
 .text.DMA1_Channel1_IRQHandler
                0x08002b20       0x14 ./Core/Src/stm32f1xx_it.o
                0x08002b20                DMA1_Channel1_IRQHandler
 .text.ADC1_2_IRQHandler
                0x08002b34       0x14 ./Core/Src/stm32f1xx_it.o
                0x08002b34                ADC1_2_IRQHandler
 .text.TIM3_IRQHandler
                0x08002b48       0x14 ./Core/Src/stm32f1xx_it.o
                0x08002b48                TIM3_IRQHandler
 .text._read    0x08002b5c       0x3a ./Core/Src/syscalls.o
                0x08002b5c                _read
 .text._close   0x08002b96       0x16 ./Core/Src/syscalls.o
                0x08002b96                _close
 .text._fstat   0x08002bac       0x1e ./Core/Src/syscalls.o
                0x08002bac                _fstat
 .text._isatty  0x08002bca       0x14 ./Core/Src/syscalls.o
                0x08002bca                _isatty
 .text._lseek   0x08002bde       0x18 ./Core/Src/syscalls.o
                0x08002bde                _lseek
 *fill*         0x08002bf6        0x2 
 .text._sbrk    0x08002bf8       0x6c ./Core/Src/sysmem.o
                0x08002bf8                _sbrk
 .text.SystemInit
                0x08002c64        0xc ./Core/Src/system_stm32f1xx.o
                0x08002c64                SystemInit
 .text.Reset_Handler
                0x08002c70       0x48 ./Core/Startup/startup_stm32f103rbtx.o
                0x08002c70                Reset_Handler
 .text.Default_Handler
                0x08002cb8        0x2 ./Core/Startup/startup_stm32f103rbtx.o
                0x08002cb8                RTC_Alarm_IRQHandler
                0x08002cb8                EXTI2_IRQHandler
                0x08002cb8                TIM1_CC_IRQHandler
                0x08002cb8                PVD_IRQHandler
                0x08002cb8                EXTI3_IRQHandler
                0x08002cb8                EXTI0_IRQHandler
                0x08002cb8                I2C2_EV_IRQHandler
                0x08002cb8                SPI1_IRQHandler
                0x08002cb8                TAMPER_IRQHandler
                0x08002cb8                DMA1_Channel4_IRQHandler
                0x08002cb8                USART3_IRQHandler
                0x08002cb8                RTC_IRQHandler
                0x08002cb8                DMA1_Channel7_IRQHandler
                0x08002cb8                CAN1_RX1_IRQHandler
                0x08002cb8                TIM4_IRQHandler
                0x08002cb8                I2C1_EV_IRQHandler
                0x08002cb8                DMA1_Channel6_IRQHandler
                0x08002cb8                RCC_IRQHandler
                0x08002cb8                TIM1_TRG_COM_IRQHandler
                0x08002cb8                Default_Handler
                0x08002cb8                EXTI15_10_IRQHandler
                0x08002cb8                EXTI9_5_IRQHandler
                0x08002cb8                SPI2_IRQHandler
                0x08002cb8                DMA1_Channel5_IRQHandler
                0x08002cb8                EXTI4_IRQHandler
                0x08002cb8                USB_LP_CAN1_RX0_IRQHandler
                0x08002cb8                USB_HP_CAN1_TX_IRQHandler
                0x08002cb8                DMA1_Channel3_IRQHandler
                0x08002cb8                TIM1_UP_IRQHandler
                0x08002cb8                WWDG_IRQHandler
                0x08002cb8                TIM2_IRQHandler
                0x08002cb8                TIM1_BRK_IRQHandler
                0x08002cb8                EXTI1_IRQHandler
                0x08002cb8                USART2_IRQHandler
                0x08002cb8                I2C2_ER_IRQHandler
                0x08002cb8                DMA1_Channel2_IRQHandler
                0x08002cb8                CAN1_SCE_IRQHandler
                0x08002cb8                FLASH_IRQHandler
                0x08002cb8                USART1_IRQHandler
                0x08002cb8                I2C1_ER_IRQHandler
                0x08002cb8                USBWakeUp_IRQHandler
 *fill*         0x08002cba        0x2 
 .text.HAL_Init
                0x08002cbc       0x2c ./Drivers/STM32F1xx_HAL_Driver/Src/stm32f1xx_hal.o
                0x08002cbc                HAL_Init
 .text.HAL_InitTick
                0x08002ce8       0x60 ./Drivers/STM32F1xx_HAL_Driver/Src/stm32f1xx_hal.o
                0x08002ce8                HAL_InitTick
 .text.HAL_IncTick
                0x08002d48       0x24 ./Drivers/STM32F1xx_HAL_Driver/Src/stm32f1xx_hal.o
                0x08002d48                HAL_IncTick
 .text.HAL_GetTick
                0x08002d6c       0x14 ./Drivers/STM32F1xx_HAL_Driver/Src/stm32f1xx_hal.o
                0x08002d6c                HAL_GetTick
 .text.HAL_Delay
                0x08002d80       0x48 ./Drivers/STM32F1xx_HAL_Driver/Src/stm32f1xx_hal.o
                0x08002d80                HAL_Delay
 .text.HAL_ADC_Init
                0x08002dc8      0x1b0 ./Drivers/STM32F1xx_HAL_Driver/Src/stm32f1xx_hal_adc.o
                0x08002dc8                HAL_ADC_Init
 .text.HAL_ADC_Start_DMA
                0x08002f78      0x1bc ./Drivers/STM32F1xx_HAL_Driver/Src/stm32f1xx_hal_adc.o
                0x08002f78                HAL_ADC_Start_DMA
 .text.HAL_ADC_IRQHandler
                0x08003134      0x17e ./Drivers/STM32F1xx_HAL_Driver/Src/stm32f1xx_hal_adc.o
                0x08003134                HAL_ADC_IRQHandler
 .text.HAL_ADC_ConvCpltCallback
                0x080032b2       0x12 ./Drivers/STM32F1xx_HAL_Driver/Src/stm32f1xx_hal_adc.o
                0x080032b2                HAL_ADC_ConvCpltCallback
 .text.HAL_ADC_ConvHalfCpltCallback
                0x080032c4       0x12 ./Drivers/STM32F1xx_HAL_Driver/Src/stm32f1xx_hal_adc.o
                0x080032c4                HAL_ADC_ConvHalfCpltCallback
 .text.HAL_ADC_LevelOutOfWindowCallback
                0x080032d6       0x12 ./Drivers/STM32F1xx_HAL_Driver/Src/stm32f1xx_hal_adc.o
                0x080032d6                HAL_ADC_LevelOutOfWindowCallback
 .text.HAL_ADC_ErrorCallback
                0x080032e8       0x12 ./Drivers/STM32F1xx_HAL_Driver/Src/stm32f1xx_hal_adc.o
                0x080032e8                HAL_ADC_ErrorCallback
 *fill*         0x080032fa        0x2 
 .text.HAL_ADC_ConfigChannel
                0x080032fc      0x1f0 ./Drivers/STM32F1xx_HAL_Driver/Src/stm32f1xx_hal_adc.o
                0x080032fc                HAL_ADC_ConfigChannel
 .text.ADC_Enable
                0x080034ec       0xb4 ./Drivers/STM32F1xx_HAL_Driver/Src/stm32f1xx_hal_adc.o
                0x080034ec                ADC_Enable
 .text.ADC_ConversionStop_Disable
                0x080035a0       0x82 ./Drivers/STM32F1xx_HAL_Driver/Src/stm32f1xx_hal_adc.o
                0x080035a0                ADC_ConversionStop_Disable
 .text.ADC_DMAConvCplt
                0x08003622       0x7c ./Drivers/STM32F1xx_HAL_Driver/Src/stm32f1xx_hal_adc.o
                0x08003622                ADC_DMAConvCplt
 .text.ADC_DMAHalfConvCplt
                0x0800369e       0x1c ./Drivers/STM32F1xx_HAL_Driver/Src/stm32f1xx_hal_adc.o
                0x0800369e                ADC_DMAHalfConvCplt
 .text.ADC_DMAError
                0x080036ba       0x34 ./Drivers/STM32F1xx_HAL_Driver/Src/stm32f1xx_hal_adc.o
                0x080036ba                ADC_DMAError
 .text.HAL_ADCEx_InjectedConvCpltCallback
                0x080036ee       0x12 ./Drivers/STM32F1xx_HAL_Driver/Src/stm32f1xx_hal_adc_ex.o
                0x080036ee                HAL_ADCEx_InjectedConvCpltCallback
 .text.__NVIC_SetPriorityGrouping
                0x08003700       0x48 ./Drivers/STM32F1xx_HAL_Driver/Src/stm32f1xx_hal_cortex.o
 .text.__NVIC_GetPriorityGrouping
                0x08003748       0x1c ./Drivers/STM32F1xx_HAL_Driver/Src/stm32f1xx_hal_cortex.o
 .text.__NVIC_EnableIRQ
                0x08003764       0x38 ./Drivers/STM32F1xx_HAL_Driver/Src/stm32f1xx_hal_cortex.o
 .text.__NVIC_SetPriority
                0x0800379c       0x54 ./Drivers/STM32F1xx_HAL_Driver/Src/stm32f1xx_hal_cortex.o
 .text.NVIC_EncodePriority
                0x080037f0       0x64 ./Drivers/STM32F1xx_HAL_Driver/Src/stm32f1xx_hal_cortex.o
 .text.SysTick_Config
                0x08003854       0x44 ./Drivers/STM32F1xx_HAL_Driver/Src/stm32f1xx_hal_cortex.o
 .text.HAL_NVIC_SetPriorityGrouping
                0x08003898       0x16 ./Drivers/STM32F1xx_HAL_Driver/Src/stm32f1xx_hal_cortex.o
                0x08003898                HAL_NVIC_SetPriorityGrouping
 .text.HAL_NVIC_SetPriority
                0x080038ae       0x38 ./Drivers/STM32F1xx_HAL_Driver/Src/stm32f1xx_hal_cortex.o
                0x080038ae                HAL_NVIC_SetPriority
 .text.HAL_NVIC_EnableIRQ
                0x080038e6       0x1c ./Drivers/STM32F1xx_HAL_Driver/Src/stm32f1xx_hal_cortex.o
                0x080038e6                HAL_NVIC_EnableIRQ
 .text.HAL_SYSTICK_Config
                0x08003902       0x18 ./Drivers/STM32F1xx_HAL_Driver/Src/stm32f1xx_hal_cortex.o
                0x08003902                HAL_SYSTICK_Config
 *fill*         0x0800391a        0x2 
 .text.HAL_DMA_Init
                0x0800391c       0xb4 ./Drivers/STM32F1xx_HAL_Driver/Src/stm32f1xx_hal_dma.o
                0x0800391c                HAL_DMA_Init
 .text.HAL_DMA_Start_IT
                0x080039d0       0xc0 ./Drivers/STM32F1xx_HAL_Driver/Src/stm32f1xx_hal_dma.o
                0x080039d0                HAL_DMA_Start_IT
 .text.HAL_DMA_IRQHandler
                0x08003a90      0x20c ./Drivers/STM32F1xx_HAL_Driver/Src/stm32f1xx_hal_dma.o
                0x08003a90                HAL_DMA_IRQHandler
 .text.DMA_SetConfig
                0x08003c9c       0x5a ./Drivers/STM32F1xx_HAL_Driver/Src/stm32f1xx_hal_dma.o
 *fill*         0x08003cf6        0x2 
 .text.HAL_GPIO_Init
                0x08003cf8      0x308 ./Drivers/STM32F1xx_HAL_Driver/Src/stm32f1xx_hal_gpio.o
                0x08003cf8                HAL_GPIO_Init
 .text.HAL_GPIO_ReadPin
                0x08004000       0x2e ./Drivers/STM32F1xx_HAL_Driver/Src/stm32f1xx_hal_gpio.o
                0x08004000                HAL_GPIO_ReadPin
 .text.HAL_GPIO_WritePin
                0x0800402e       0x30 ./Drivers/STM32F1xx_HAL_Driver/Src/stm32f1xx_hal_gpio.o
                0x0800402e                HAL_GPIO_WritePin
 *fill*         0x0800405e        0x2 
 .text.HAL_RCC_OscConfig
                0x08004060      0x504 ./Drivers/STM32F1xx_HAL_Driver/Src/stm32f1xx_hal_rcc.o
                0x08004060                HAL_RCC_OscConfig
 .text.HAL_RCC_ClockConfig
                0x08004564      0x1d4 ./Drivers/STM32F1xx_HAL_Driver/Src/stm32f1xx_hal_rcc.o
                0x08004564                HAL_RCC_ClockConfig
 .text.HAL_RCC_GetSysClockFreq
                0x08004738       0xa8 ./Drivers/STM32F1xx_HAL_Driver/Src/stm32f1xx_hal_rcc.o
                0x08004738                HAL_RCC_GetSysClockFreq
 .text.HAL_RCC_GetHCLKFreq
                0x080047e0       0x14 ./Drivers/STM32F1xx_HAL_Driver/Src/stm32f1xx_hal_rcc.o
                0x080047e0                HAL_RCC_GetHCLKFreq
 .text.HAL_RCC_GetPCLK1Freq
                0x080047f4       0x28 ./Drivers/STM32F1xx_HAL_Driver/Src/stm32f1xx_hal_rcc.o
                0x080047f4                HAL_RCC_GetPCLK1Freq
 .text.HAL_RCC_GetPCLK2Freq
                0x0800481c       0x28 ./Drivers/STM32F1xx_HAL_Driver/Src/stm32f1xx_hal_rcc.o
                0x0800481c                HAL_RCC_GetPCLK2Freq
 .text.RCC_Delay
                0x08004844       0x3c ./Drivers/STM32F1xx_HAL_Driver/Src/stm32f1xx_hal_rcc.o
 .text.HAL_RCCEx_PeriphCLKConfig
                0x08004880      0x16c ./Drivers/STM32F1xx_HAL_Driver/Src/stm32f1xx_hal_rcc_ex.o
                0x08004880                HAL_RCCEx_PeriphCLKConfig
 .text.HAL_TIM_PWM_Init
                0x080049ec       0x9e ./Drivers/STM32F1xx_HAL_Driver/Src/stm32f1xx_hal_tim.o
                0x080049ec                HAL_TIM_PWM_Init
 *fill*         0x08004a8a        0x2 
 .text.HAL_TIM_PWM_Start
                0x08004a8c      0x144 ./Drivers/STM32F1xx_HAL_Driver/Src/stm32f1xx_hal_tim.o
                0x08004a8c                HAL_TIM_PWM_Start
 .text.HAL_TIM_IC_Init
                0x08004bd0       0x9e ./Drivers/STM32F1xx_HAL_Driver/Src/stm32f1xx_hal_tim.o
                0x08004bd0                HAL_TIM_IC_Init
 *fill*         0x08004c6e        0x2 
 .text.HAL_TIM_IC_Start_IT
                0x08004c70      0x218 ./Drivers/STM32F1xx_HAL_Driver/Src/stm32f1xx_hal_tim.o
                0x08004c70                HAL_TIM_IC_Start_IT
 .text.HAL_TIM_IRQHandler
                0x08004e88      0x1e0 ./Drivers/STM32F1xx_HAL_Driver/Src/stm32f1xx_hal_tim.o
                0x08004e88                HAL_TIM_IRQHandler
 .text.HAL_TIM_IC_ConfigChannel
                0x08005068      0x138 ./Drivers/STM32F1xx_HAL_Driver/Src/stm32f1xx_hal_tim.o
                0x08005068                HAL_TIM_IC_ConfigChannel
 .text.HAL_TIM_PWM_ConfigChannel
                0x080051a0      0x184 ./Drivers/STM32F1xx_HAL_Driver/Src/stm32f1xx_hal_tim.o
                0x080051a0                HAL_TIM_PWM_ConfigChannel
 .text.HAL_TIM_ReadCapturedValue
                0x08005324       0x88 ./Drivers/STM32F1xx_HAL_Driver/Src/stm32f1xx_hal_tim.o
                0x08005324                HAL_TIM_ReadCapturedValue
 .text.HAL_TIM_PeriodElapsedCallback
                0x080053ac       0x12 ./Drivers/STM32F1xx_HAL_Driver/Src/stm32f1xx_hal_tim.o
                0x080053ac                HAL_TIM_PeriodElapsedCallback
 .text.HAL_TIM_OC_DelayElapsedCallback
                0x080053be       0x12 ./Drivers/STM32F1xx_HAL_Driver/Src/stm32f1xx_hal_tim.o
                0x080053be                HAL_TIM_OC_DelayElapsedCallback
 .text.HAL_TIM_PWM_PulseFinishedCallback
                0x080053d0       0x12 ./Drivers/STM32F1xx_HAL_Driver/Src/stm32f1xx_hal_tim.o
                0x080053d0                HAL_TIM_PWM_PulseFinishedCallback
 .text.HAL_TIM_TriggerCallback
                0x080053e2       0x12 ./Drivers/STM32F1xx_HAL_Driver/Src/stm32f1xx_hal_tim.o
                0x080053e2                HAL_TIM_TriggerCallback
 .text.TIM_Base_SetConfig
                0x080053f4       0xdc ./Drivers/STM32F1xx_HAL_Driver/Src/stm32f1xx_hal_tim.o
                0x080053f4                TIM_Base_SetConfig
 .text.TIM_OC1_SetConfig
                0x080054d0       0xcc ./Drivers/STM32F1xx_HAL_Driver/Src/stm32f1xx_hal_tim.o
 .text.TIM_OC2_SetConfig
                0x0800559c       0xd4 ./Drivers/STM32F1xx_HAL_Driver/Src/stm32f1xx_hal_tim.o
                0x0800559c                TIM_OC2_SetConfig
 .text.TIM_OC3_SetConfig
                0x08005670       0xd4 ./Drivers/STM32F1xx_HAL_Driver/Src/stm32f1xx_hal_tim.o
 .text.TIM_OC4_SetConfig
                0x08005744       0x9c ./Drivers/STM32F1xx_HAL_Driver/Src/stm32f1xx_hal_tim.o
 .text.TIM_TI1_SetConfig
                0x080057e0       0xb4 ./Drivers/STM32F1xx_HAL_Driver/Src/stm32f1xx_hal_tim.o
                0x080057e0                TIM_TI1_SetConfig
 .text.TIM_TI2_SetConfig
                0x08005894       0x78 ./Drivers/STM32F1xx_HAL_Driver/Src/stm32f1xx_hal_tim.o
 .text.TIM_TI3_SetConfig
                0x0800590c       0x76 ./Drivers/STM32F1xx_HAL_Driver/Src/stm32f1xx_hal_tim.o
 .text.TIM_TI4_SetConfig
                0x08005982       0x78 ./Drivers/STM32F1xx_HAL_Driver/Src/stm32f1xx_hal_tim.o
 .text.TIM_CCxChannelCmd
                0x080059fa       0x48 ./Drivers/STM32F1xx_HAL_Driver/Src/stm32f1xx_hal_tim.o
                0x080059fa                TIM_CCxChannelCmd
 *fill*         0x08005a42        0x2 
 .text.HAL_TIMEx_MasterConfigSynchronization
                0x08005a44       0xbc ./Drivers/STM32F1xx_HAL_Driver/Src/stm32f1xx_hal_tim_ex.o
                0x08005a44                HAL_TIMEx_MasterConfigSynchronization
 .text.HAL_TIMEx_CommutCallback
                0x08005b00       0x12 ./Drivers/STM32F1xx_HAL_Driver/Src/stm32f1xx_hal_tim_ex.o
                0x08005b00                HAL_TIMEx_CommutCallback
 .text.HAL_TIMEx_BreakCallback
                0x08005b12       0x12 ./Drivers/STM32F1xx_HAL_Driver/Src/stm32f1xx_hal_tim_ex.o
                0x08005b12                HAL_TIMEx_BreakCallback
 .text.HAL_UART_Init
                0x08005b24       0xa0 ./Drivers/STM32F1xx_HAL_Driver/Src/stm32f1xx_hal_uart.o
                0x08005b24                HAL_UART_Init
 .text.HAL_UART_Transmit
                0x08005bc4      0x116 ./Drivers/STM32F1xx_HAL_Driver/Src/stm32f1xx_hal_uart.o
                0x08005bc4                HAL_UART_Transmit
 .text.UART_WaitOnFlagUntilTimeout
                0x08005cda       0xb2 ./Drivers/STM32F1xx_HAL_Driver/Src/stm32f1xx_hal_uart.o
 .text.UART_EndRxTransfer
                0x08005d8c       0xc4 ./Drivers/STM32F1xx_HAL_Driver/Src/stm32f1xx_hal_uart.o
 .text.UART_SetConfig
                0x08005e50      0x11c ./Drivers/STM32F1xx_HAL_Driver/Src/stm32f1xx_hal_uart.o
 .text.std      0x08005f6c       0x6c C:/ST/STM32CubeIDE_1.19.0/STM32CubeIDE/plugins/com.st.stm32cube.ide.mcu.externaltools.gnu-tools-for-stm32.13.3.rel1.win32_1.0.0.202411081344/tools/bin/../lib/gcc/arm-none-eabi/13.3.1/../../../../arm-none-eabi/lib/thumb/v7-m/nofp\libc_nano.a(libc_a-findfp.o)
 .text.stdio_exit_handler
                0x08005fd8       0x18 C:/ST/STM32CubeIDE_1.19.0/STM32CubeIDE/plugins/com.st.stm32cube.ide.mcu.externaltools.gnu-tools-for-stm32.13.3.rel1.win32_1.0.0.202411081344/tools/bin/../lib/gcc/arm-none-eabi/13.3.1/../../../../arm-none-eabi/lib/thumb/v7-m/nofp\libc_nano.a(libc_a-findfp.o)
 .text.cleanup_stdio
                0x08005ff0       0x40 C:/ST/STM32CubeIDE_1.19.0/STM32CubeIDE/plugins/com.st.stm32cube.ide.mcu.externaltools.gnu-tools-for-stm32.13.3.rel1.win32_1.0.0.202411081344/tools/bin/../lib/gcc/arm-none-eabi/13.3.1/../../../../arm-none-eabi/lib/thumb/v7-m/nofp\libc_nano.a(libc_a-findfp.o)
 .text.global_stdio_init.part.0
                0x08006030       0x3c C:/ST/STM32CubeIDE_1.19.0/STM32CubeIDE/plugins/com.st.stm32cube.ide.mcu.externaltools.gnu-tools-for-stm32.13.3.rel1.win32_1.0.0.202411081344/tools/bin/../lib/gcc/arm-none-eabi/13.3.1/../../../../arm-none-eabi/lib/thumb/v7-m/nofp\libc_nano.a(libc_a-findfp.o)
 .text.__sfp_lock_acquire
                0x0800606c        0xc C:/ST/STM32CubeIDE_1.19.0/STM32CubeIDE/plugins/com.st.stm32cube.ide.mcu.externaltools.gnu-tools-for-stm32.13.3.rel1.win32_1.0.0.202411081344/tools/bin/../lib/gcc/arm-none-eabi/13.3.1/../../../../arm-none-eabi/lib/thumb/v7-m/nofp\libc_nano.a(libc_a-findfp.o)
                0x0800606c                __sfp_lock_acquire
 .text.__sfp_lock_release
                0x08006078        0xc C:/ST/STM32CubeIDE_1.19.0/STM32CubeIDE/plugins/com.st.stm32cube.ide.mcu.externaltools.gnu-tools-for-stm32.13.3.rel1.win32_1.0.0.202411081344/tools/bin/../lib/gcc/arm-none-eabi/13.3.1/../../../../arm-none-eabi/lib/thumb/v7-m/nofp\libc_nano.a(libc_a-findfp.o)
                0x08006078                __sfp_lock_release
 .text.__sinit  0x08006084       0x30 C:/ST/STM32CubeIDE_1.19.0/STM32CubeIDE/plugins/com.st.stm32cube.ide.mcu.externaltools.gnu-tools-for-stm32.13.3.rel1.win32_1.0.0.202411081344/tools/bin/../lib/gcc/arm-none-eabi/13.3.1/../../../../arm-none-eabi/lib/thumb/v7-m/nofp\libc_nano.a(libc_a-findfp.o)
                0x08006084                __sinit
 .text._fwalk_sglue
                0x080060b4       0x3c C:/ST/STM32CubeIDE_1.19.0/STM32CubeIDE/plugins/com.st.stm32cube.ide.mcu.externaltools.gnu-tools-for-stm32.13.3.rel1.win32_1.0.0.202411081344/tools/bin/../lib/gcc/arm-none-eabi/13.3.1/../../../../arm-none-eabi/lib/thumb/v7-m/nofp\libc_nano.a(libc_a-fwalk.o)
                0x080060b4                _fwalk_sglue
 .text.printf   0x080060f0       0x24 C:/ST/STM32CubeIDE_1.19.0/STM32CubeIDE/plugins/com.st.stm32cube.ide.mcu.externaltools.gnu-tools-for-stm32.13.3.rel1.win32_1.0.0.202411081344/tools/bin/../lib/gcc/arm-none-eabi/13.3.1/../../../../arm-none-eabi/lib/thumb/v7-m/nofp\libc_nano.a(libc_a-printf.o)
                0x080060f0                iprintf
                0x080060f0                printf
 .text._puts_r  0x08006114       0xaa C:/ST/STM32CubeIDE_1.19.0/STM32CubeIDE/plugins/com.st.stm32cube.ide.mcu.externaltools.gnu-tools-for-stm32.13.3.rel1.win32_1.0.0.202411081344/tools/bin/../lib/gcc/arm-none-eabi/13.3.1/../../../../arm-none-eabi/lib/thumb/v7-m/nofp\libc_nano.a(libc_a-puts.o)
                0x08006114                _puts_r
 *fill*         0x080061be        0x2 
 .text.puts     0x080061c0       0x10 C:/ST/STM32CubeIDE_1.19.0/STM32CubeIDE/plugins/com.st.stm32cube.ide.mcu.externaltools.gnu-tools-for-stm32.13.3.rel1.win32_1.0.0.202411081344/tools/bin/../lib/gcc/arm-none-eabi/13.3.1/../../../../arm-none-eabi/lib/thumb/v7-m/nofp\libc_nano.a(libc_a-puts.o)
                0x080061c0                puts
 .text.snprintf
                0x080061d0       0x6c C:/ST/STM32CubeIDE_1.19.0/STM32CubeIDE/plugins/com.st.stm32cube.ide.mcu.externaltools.gnu-tools-for-stm32.13.3.rel1.win32_1.0.0.202411081344/tools/bin/../lib/gcc/arm-none-eabi/13.3.1/../../../../arm-none-eabi/lib/thumb/v7-m/nofp\libc_nano.a(libc_a-snprintf.o)
                0x080061d0                sniprintf
                0x080061d0                snprintf
 .text.__sread  0x0800623c       0x22 C:/ST/STM32CubeIDE_1.19.0/STM32CubeIDE/plugins/com.st.stm32cube.ide.mcu.externaltools.gnu-tools-for-stm32.13.3.rel1.win32_1.0.0.202411081344/tools/bin/../lib/gcc/arm-none-eabi/13.3.1/../../../../arm-none-eabi/lib/thumb/v7-m/nofp\libc_nano.a(libc_a-stdio.o)
                0x0800623c                __sread
 .text.__swrite
                0x0800625e       0x38 C:/ST/STM32CubeIDE_1.19.0/STM32CubeIDE/plugins/com.st.stm32cube.ide.mcu.externaltools.gnu-tools-for-stm32.13.3.rel1.win32_1.0.0.202411081344/tools/bin/../lib/gcc/arm-none-eabi/13.3.1/../../../../arm-none-eabi/lib/thumb/v7-m/nofp\libc_nano.a(libc_a-stdio.o)
                0x0800625e                __swrite
 .text.__sseek  0x08006296       0x24 C:/ST/STM32CubeIDE_1.19.0/STM32CubeIDE/plugins/com.st.stm32cube.ide.mcu.externaltools.gnu-tools-for-stm32.13.3.rel1.win32_1.0.0.202411081344/tools/bin/../lib/gcc/arm-none-eabi/13.3.1/../../../../arm-none-eabi/lib/thumb/v7-m/nofp\libc_nano.a(libc_a-stdio.o)
                0x08006296                __sseek
 .text.__sclose
                0x080062ba        0x8 C:/ST/STM32CubeIDE_1.19.0/STM32CubeIDE/plugins/com.st.stm32cube.ide.mcu.externaltools.gnu-tools-for-stm32.13.3.rel1.win32_1.0.0.202411081344/tools/bin/../lib/gcc/arm-none-eabi/13.3.1/../../../../arm-none-eabi/lib/thumb/v7-m/nofp\libc_nano.a(libc_a-stdio.o)
                0x080062ba                __sclose
 .text.__swbuf_r
                0x080062c2       0x7c C:/ST/STM32CubeIDE_1.19.0/STM32CubeIDE/plugins/com.st.stm32cube.ide.mcu.externaltools.gnu-tools-for-stm32.13.3.rel1.win32_1.0.0.202411081344/tools/bin/../lib/gcc/arm-none-eabi/13.3.1/../../../../arm-none-eabi/lib/thumb/v7-m/nofp\libc_nano.a(libc_a-wbuf.o)
                0x080062c2                __swbuf_r
 *fill*         0x0800633e        0x2 
 .text.__swsetup_r
                0x08006340       0xac C:/ST/STM32CubeIDE_1.19.0/STM32CubeIDE/plugins/com.st.stm32cube.ide.mcu.externaltools.gnu-tools-for-stm32.13.3.rel1.win32_1.0.0.202411081344/tools/bin/../lib/gcc/arm-none-eabi/13.3.1/../../../../arm-none-eabi/lib/thumb/v7-m/nofp\libc_nano.a(libc_a-wsetup.o)
                0x08006340                __swsetup_r
 .text.memset   0x080063ec       0x10 C:/ST/STM32CubeIDE_1.19.0/STM32CubeIDE/plugins/com.st.stm32cube.ide.mcu.externaltools.gnu-tools-for-stm32.13.3.rel1.win32_1.0.0.202411081344/tools/bin/../lib/gcc/arm-none-eabi/13.3.1/../../../../arm-none-eabi/lib/thumb/v7-m/nofp\libc_nano.a(libc_a-memset.o)
                0x080063ec                memset
 .text._close_r
                0x080063fc       0x20 C:/ST/STM32CubeIDE_1.19.0/STM32CubeIDE/plugins/com.st.stm32cube.ide.mcu.externaltools.gnu-tools-for-stm32.13.3.rel1.win32_1.0.0.202411081344/tools/bin/../lib/gcc/arm-none-eabi/13.3.1/../../../../arm-none-eabi/lib/thumb/v7-m/nofp\libc_nano.a(libc_a-closer.o)
                0x080063fc                _close_r
 .text._lseek_r
                0x0800641c       0x24 C:/ST/STM32CubeIDE_1.19.0/STM32CubeIDE/plugins/com.st.stm32cube.ide.mcu.externaltools.gnu-tools-for-stm32.13.3.rel1.win32_1.0.0.202411081344/tools/bin/../lib/gcc/arm-none-eabi/13.3.1/../../../../arm-none-eabi/lib/thumb/v7-m/nofp\libc_nano.a(libc_a-lseekr.o)
                0x0800641c                _lseek_r
 .text._read_r  0x08006440       0x24 C:/ST/STM32CubeIDE_1.19.0/STM32CubeIDE/plugins/com.st.stm32cube.ide.mcu.externaltools.gnu-tools-for-stm32.13.3.rel1.win32_1.0.0.202411081344/tools/bin/../lib/gcc/arm-none-eabi/13.3.1/../../../../arm-none-eabi/lib/thumb/v7-m/nofp\libc_nano.a(libc_a-readr.o)
                0x08006440                _read_r
 .text._write_r
                0x08006464       0x24 C:/ST/STM32CubeIDE_1.19.0/STM32CubeIDE/plugins/com.st.stm32cube.ide.mcu.externaltools.gnu-tools-for-stm32.13.3.rel1.win32_1.0.0.202411081344/tools/bin/../lib/gcc/arm-none-eabi/13.3.1/../../../../arm-none-eabi/lib/thumb/v7-m/nofp\libc_nano.a(libc_a-writer.o)
                0x08006464                _write_r
 .text.__errno  0x08006488        0xc C:/ST/STM32CubeIDE_1.19.0/STM32CubeIDE/plugins/com.st.stm32cube.ide.mcu.externaltools.gnu-tools-for-stm32.13.3.rel1.win32_1.0.0.202411081344/tools/bin/../lib/gcc/arm-none-eabi/13.3.1/../../../../arm-none-eabi/lib/thumb/v7-m/nofp\libc_nano.a(libc_a-errno.o)
                0x08006488                __errno
 .text.__libc_init_array
                0x08006494       0x48 C:/ST/STM32CubeIDE_1.19.0/STM32CubeIDE/plugins/com.st.stm32cube.ide.mcu.externaltools.gnu-tools-for-stm32.13.3.rel1.win32_1.0.0.202411081344/tools/bin/../lib/gcc/arm-none-eabi/13.3.1/../../../../arm-none-eabi/lib/thumb/v7-m/nofp\libc_nano.a(libc_a-init.o)
                0x08006494                __libc_init_array
 .text.__retarget_lock_init_recursive
                0x080064dc        0x2 C:/ST/STM32CubeIDE_1.19.0/STM32CubeIDE/plugins/com.st.stm32cube.ide.mcu.externaltools.gnu-tools-for-stm32.13.3.rel1.win32_1.0.0.202411081344/tools/bin/../lib/gcc/arm-none-eabi/13.3.1/../../../../arm-none-eabi/lib/thumb/v7-m/nofp\libc_nano.a(libc_a-lock.o)
                0x080064dc                __retarget_lock_init_recursive
 .text.__retarget_lock_acquire_recursive
                0x080064de        0x2 C:/ST/STM32CubeIDE_1.19.0/STM32CubeIDE/plugins/com.st.stm32cube.ide.mcu.externaltools.gnu-tools-for-stm32.13.3.rel1.win32_1.0.0.202411081344/tools/bin/../lib/gcc/arm-none-eabi/13.3.1/../../../../arm-none-eabi/lib/thumb/v7-m/nofp\libc_nano.a(libc_a-lock.o)
                0x080064de                __retarget_lock_acquire_recursive
 .text.__retarget_lock_release_recursive
                0x080064e0        0x2 C:/ST/STM32CubeIDE_1.19.0/STM32CubeIDE/plugins/com.st.stm32cube.ide.mcu.externaltools.gnu-tools-for-stm32.13.3.rel1.win32_1.0.0.202411081344/tools/bin/../lib/gcc/arm-none-eabi/13.3.1/../../../../arm-none-eabi/lib/thumb/v7-m/nofp\libc_nano.a(libc_a-lock.o)
                0x080064e0                __retarget_lock_release_recursive
 *fill*         0x080064e2        0x2 
 .text._free_r  0x080064e4       0x90 C:/ST/STM32CubeIDE_1.19.0/STM32CubeIDE/plugins/com.st.stm32cube.ide.mcu.externaltools.gnu-tools-for-stm32.13.3.rel1.win32_1.0.0.202411081344/tools/bin/../lib/gcc/arm-none-eabi/13.3.1/../../../../arm-none-eabi/lib/thumb/v7-m/nofp\libc_nano.a(libc_a-freer.o)
                0x080064e4                _free_r
 .text.sbrk_aligned
                0x08006574       0x44 C:/ST/STM32CubeIDE_1.19.0/STM32CubeIDE/plugins/com.st.stm32cube.ide.mcu.externaltools.gnu-tools-for-stm32.13.3.rel1.win32_1.0.0.202411081344/tools/bin/../lib/gcc/arm-none-eabi/13.3.1/../../../../arm-none-eabi/lib/thumb/v7-m/nofp\libc_nano.a(libc_a-mallocr.o)
 .text._malloc_r
                0x080065b8      0x100 C:/ST/STM32CubeIDE_1.19.0/STM32CubeIDE/plugins/com.st.stm32cube.ide.mcu.externaltools.gnu-tools-for-stm32.13.3.rel1.win32_1.0.0.202411081344/tools/bin/../lib/gcc/arm-none-eabi/13.3.1/../../../../arm-none-eabi/lib/thumb/v7-m/nofp\libc_nano.a(libc_a-mallocr.o)
                0x080065b8                _malloc_r
 .text.__malloc_lock
                0x080066b8        0xc C:/ST/STM32CubeIDE_1.19.0/STM32CubeIDE/plugins/com.st.stm32cube.ide.mcu.externaltools.gnu-tools-for-stm32.13.3.rel1.win32_1.0.0.202411081344/tools/bin/../lib/gcc/arm-none-eabi/13.3.1/../../../../arm-none-eabi/lib/thumb/v7-m/nofp\libc_nano.a(libc_a-mlock.o)
                0x080066b8                __malloc_lock
 .text.__malloc_unlock
                0x080066c4        0xc C:/ST/STM32CubeIDE_1.19.0/STM32CubeIDE/plugins/com.st.stm32cube.ide.mcu.externaltools.gnu-tools-for-stm32.13.3.rel1.win32_1.0.0.202411081344/tools/bin/../lib/gcc/arm-none-eabi/13.3.1/../../../../arm-none-eabi/lib/thumb/v7-m/nofp\libc_nano.a(libc_a-mlock.o)
                0x080066c4                __malloc_unlock
 .text.__ssputs_r
                0x080066d0       0xb6 C:/ST/STM32CubeIDE_1.19.0/STM32CubeIDE/plugins/com.st.stm32cube.ide.mcu.externaltools.gnu-tools-for-stm32.13.3.rel1.win32_1.0.0.202411081344/tools/bin/../lib/gcc/arm-none-eabi/13.3.1/../../../../arm-none-eabi/lib/thumb/v7-m/nofp\libc_nano.a(libc_a-nano-svfprintf.o)
                0x080066d0                __ssputs_r
 *fill*         0x08006786        0x2 
 .text._svfprintf_r
                0x08006788      0x1f8 C:/ST/STM32CubeIDE_1.19.0/STM32CubeIDE/plugins/com.st.stm32cube.ide.mcu.externaltools.gnu-tools-for-stm32.13.3.rel1.win32_1.0.0.202411081344/tools/bin/../lib/gcc/arm-none-eabi/13.3.1/../../../../arm-none-eabi/lib/thumb/v7-m/nofp\libc_nano.a(libc_a-nano-svfprintf.o)
                0x08006788                _svfiprintf_r
                0x08006788                _svfprintf_r
 .text.__sfputc_r
                0x08006980       0x2a C:/ST/STM32CubeIDE_1.19.0/STM32CubeIDE/plugins/com.st.stm32cube.ide.mcu.externaltools.gnu-tools-for-stm32.13.3.rel1.win32_1.0.0.202411081344/tools/bin/../lib/gcc/arm-none-eabi/13.3.1/../../../../arm-none-eabi/lib/thumb/v7-m/nofp\libc_nano.a(libc_a-nano-vfprintf.o)
 .text.__sfputs_r
                0x080069aa       0x24 C:/ST/STM32CubeIDE_1.19.0/STM32CubeIDE/plugins/com.st.stm32cube.ide.mcu.externaltools.gnu-tools-for-stm32.13.3.rel1.win32_1.0.0.202411081344/tools/bin/../lib/gcc/arm-none-eabi/13.3.1/../../../../arm-none-eabi/lib/thumb/v7-m/nofp\libc_nano.a(libc_a-nano-vfprintf.o)
                0x080069aa                __sfputs_r
 *fill*         0x080069ce        0x2 
 .text._vfprintf_r
                0x080069d0      0x230 C:/ST/STM32CubeIDE_1.19.0/STM32CubeIDE/plugins/com.st.stm32cube.ide.mcu.externaltools.gnu-tools-for-stm32.13.3.rel1.win32_1.0.0.202411081344/tools/bin/../lib/gcc/arm-none-eabi/13.3.1/../../../../arm-none-eabi/lib/thumb/v7-m/nofp\libc_nano.a(libc_a-nano-vfprintf.o)
                0x080069d0                _vfprintf_r
                0x080069d0                _vfiprintf_r
 .text._printf_common
                0x08006c00       0xe4 C:/ST/STM32CubeIDE_1.19.0/STM32CubeIDE/plugins/com.st.stm32cube.ide.mcu.externaltools.gnu-tools-for-stm32.13.3.rel1.win32_1.0.0.202411081344/tools/bin/../lib/gcc/arm-none-eabi/13.3.1/../../../../arm-none-eabi/lib/thumb/v7-m/nofp\libc_nano.a(libc_a-nano-vfprintf_i.o)
                0x08006c00                _printf_common
 .text._printf_i
                0x08006ce4      0x23c C:/ST/STM32CubeIDE_1.19.0/STM32CubeIDE/plugins/com.st.stm32cube.ide.mcu.externaltools.gnu-tools-for-stm32.13.3.rel1.win32_1.0.0.202411081344/tools/bin/../lib/gcc/arm-none-eabi/13.3.1/../../../../arm-none-eabi/lib/thumb/v7-m/nofp\libc_nano.a(libc_a-nano-vfprintf_i.o)
                0x08006ce4                _printf_i
 .text.__sflush_r
                0x08006f20      0x100 C:/ST/STM32CubeIDE_1.19.0/STM32CubeIDE/plugins/com.st.stm32cube.ide.mcu.externaltools.gnu-tools-for-stm32.13.3.rel1.win32_1.0.0.202411081344/tools/bin/../lib/gcc/arm-none-eabi/13.3.1/../../../../arm-none-eabi/lib/thumb/v7-m/nofp\libc_nano.a(libc_a-fflush.o)
                0x08006f20                __sflush_r
 .text._fflush_r
                0x08007020       0x50 C:/ST/STM32CubeIDE_1.19.0/STM32CubeIDE/plugins/com.st.stm32cube.ide.mcu.externaltools.gnu-tools-for-stm32.13.3.rel1.win32_1.0.0.202411081344/tools/bin/../lib/gcc/arm-none-eabi/13.3.1/../../../../arm-none-eabi/lib/thumb/v7-m/nofp\libc_nano.a(libc_a-fflush.o)
                0x08007020                _fflush_r
 .text.__swhatbuf_r
                0x08007070       0x4a C:/ST/STM32CubeIDE_1.19.0/STM32CubeIDE/plugins/com.st.stm32cube.ide.mcu.externaltools.gnu-tools-for-stm32.13.3.rel1.win32_1.0.0.202411081344/tools/bin/../lib/gcc/arm-none-eabi/13.3.1/../../../../arm-none-eabi/lib/thumb/v7-m/nofp\libc_nano.a(libc_a-makebuf.o)
                0x08007070                __swhatbuf_r
 .text.__smakebuf_r
                0x080070ba       0x78 C:/ST/STM32CubeIDE_1.19.0/STM32CubeIDE/plugins/com.st.stm32cube.ide.mcu.externaltools.gnu-tools-for-stm32.13.3.rel1.win32_1.0.0.202411081344/tools/bin/../lib/gcc/arm-none-eabi/13.3.1/../../../../arm-none-eabi/lib/thumb/v7-m/nofp\libc_nano.a(libc_a-makebuf.o)
                0x080070ba                __smakebuf_r
 .text.memmove  0x08007132       0x34 C:/ST/STM32CubeIDE_1.19.0/STM32CubeIDE/plugins/com.st.stm32cube.ide.mcu.externaltools.gnu-tools-for-stm32.13.3.rel1.win32_1.0.0.202411081344/tools/bin/../lib/gcc/arm-none-eabi/13.3.1/../../../../arm-none-eabi/lib/thumb/v7-m/nofp\libc_nano.a(libc_a-memmove.o)
                0x08007132                memmove
 *fill*         0x08007166        0x2 
 .text._fstat_r
                0x08007168       0x24 C:/ST/STM32CubeIDE_1.19.0/STM32CubeIDE/plugins/com.st.stm32cube.ide.mcu.externaltools.gnu-tools-for-stm32.13.3.rel1.win32_1.0.0.202411081344/tools/bin/../lib/gcc/arm-none-eabi/13.3.1/../../../../arm-none-eabi/lib/thumb/v7-m/nofp\libc_nano.a(libc_a-fstatr.o)
                0x08007168                _fstat_r
 .text._isatty_r
                0x0800718c       0x20 C:/ST/STM32CubeIDE_1.19.0/STM32CubeIDE/plugins/com.st.stm32cube.ide.mcu.externaltools.gnu-tools-for-stm32.13.3.rel1.win32_1.0.0.202411081344/tools/bin/../lib/gcc/arm-none-eabi/13.3.1/../../../../arm-none-eabi/lib/thumb/v7-m/nofp\libc_nano.a(libc_a-isattyr.o)
                0x0800718c                _isatty_r
 .text._sbrk_r  0x080071ac       0x20 C:/ST/STM32CubeIDE_1.19.0/STM32CubeIDE/plugins/com.st.stm32cube.ide.mcu.externaltools.gnu-tools-for-stm32.13.3.rel1.win32_1.0.0.202411081344/tools/bin/../lib/gcc/arm-none-eabi/13.3.1/../../../../arm-none-eabi/lib/thumb/v7-m/nofp\libc_nano.a(libc_a-sbrkr.o)
                0x080071ac                _sbrk_r
 .text.memchr   0x080071cc       0x1c C:/ST/STM32CubeIDE_1.19.0/STM32CubeIDE/plugins/com.st.stm32cube.ide.mcu.externaltools.gnu-tools-for-stm32.13.3.rel1.win32_1.0.0.202411081344/tools/bin/../lib/gcc/arm-none-eabi/13.3.1/../../../../arm-none-eabi/lib/thumb/v7-m/nofp\libc_nano.a(libc_a-memchr-stub.o)
                0x080071cc                memchr
 .text.memcpy   0x080071e8       0x1c C:/ST/STM32CubeIDE_1.19.0/STM32CubeIDE/plugins/com.st.stm32cube.ide.mcu.externaltools.gnu-tools-for-stm32.13.3.rel1.win32_1.0.0.202411081344/tools/bin/../lib/gcc/arm-none-eabi/13.3.1/../../../../arm-none-eabi/lib/thumb/v7-m/nofp\libc_nano.a(libc_a-memcpy-stub.o)
                0x080071e8                memcpy
 .text._realloc_r
                0x08007204       0x5c C:/ST/STM32CubeIDE_1.19.0/STM32CubeIDE/plugins/com.st.stm32cube.ide.mcu.externaltools.gnu-tools-for-stm32.13.3.rel1.win32_1.0.0.202411081344/tools/bin/../lib/gcc/arm-none-eabi/13.3.1/../../../../arm-none-eabi/lib/thumb/v7-m/nofp\libc_nano.a(libc_a-reallocr.o)
                0x08007204                _realloc_r
 .text._malloc_usable_size_r
                0x08007260       0x10 C:/ST/STM32CubeIDE_1.19.0/STM32CubeIDE/plugins/com.st.stm32cube.ide.mcu.externaltools.gnu-tools-for-stm32.13.3.rel1.win32_1.0.0.202411081344/tools/bin/../lib/gcc/arm-none-eabi/13.3.1/../../../../arm-none-eabi/lib/thumb/v7-m/nofp\libc_nano.a(libc_a-msizer.o)
                0x08007260                _malloc_usable_size_r
 *(.glue_7)
 .glue_7        0x08007270        0x0 linker stubs
 *(.glue_7t)
 .glue_7t       0x08007270        0x0 linker stubs
 *(.eh_frame)
 .eh_frame      0x08007270        0x0 C:/ST/STM32CubeIDE_1.19.0/STM32CubeIDE/plugins/com.st.stm32cube.ide.mcu.externaltools.gnu-tools-for-stm32.13.3.rel1.win32_1.0.0.202411081344/tools/bin/../lib/gcc/arm-none-eabi/13.3.1/thumb/v7-m/nofp/crtbegin.o
 *(.init)
 .init          0x08007270        0x4 C:/ST/STM32CubeIDE_1.19.0/STM32CubeIDE/plugins/com.st.stm32cube.ide.mcu.externaltools.gnu-tools-for-stm32.13.3.rel1.win32_1.0.0.202411081344/tools/bin/../lib/gcc/arm-none-eabi/13.3.1/thumb/v7-m/nofp/crti.o
                0x08007270                _init
 .init          0x08007274        0x8 C:/ST/STM32CubeIDE_1.19.0/STM32CubeIDE/plugins/com.st.stm32cube.ide.mcu.externaltools.gnu-tools-for-stm32.13.3.rel1.win32_1.0.0.202411081344/tools/bin/../lib/gcc/arm-none-eabi/13.3.1/thumb/v7-m/nofp/crtn.o
 *(.fini)
 .fini          0x0800727c        0x4 C:/ST/STM32CubeIDE_1.19.0/STM32CubeIDE/plugins/com.st.stm32cube.ide.mcu.externaltools.gnu-tools-for-stm32.13.3.rel1.win32_1.0.0.202411081344/tools/bin/../lib/gcc/arm-none-eabi/13.3.1/thumb/v7-m/nofp/crti.o
                0x0800727c                _fini
 .fini          0x08007280        0x8 C:/ST/STM32CubeIDE_1.19.0/STM32CubeIDE/plugins/com.st.stm32cube.ide.mcu.externaltools.gnu-tools-for-stm32.13.3.rel1.win32_1.0.0.202411081344/tools/bin/../lib/gcc/arm-none-eabi/13.3.1/thumb/v7-m/nofp/crtn.o
                0x08007288                        . = ALIGN (0x4)
                0x08007288                        _etext = .

.vfp11_veneer   0x08007288        0x0
 .vfp11_veneer  0x08007288        0x0 linker stubs

.v4_bx          0x08007288        0x0
 .v4_bx         0x08007288        0x0 linker stubs

.iplt           0x08007288        0x0
 .iplt          0x08007288        0x0 C:/ST/STM32CubeIDE_1.19.0/STM32CubeIDE/plugins/com.st.stm32cube.ide.mcu.externaltools.gnu-tools-for-stm32.13.3.rel1.win32_1.0.0.202411081344/tools/bin/../lib/gcc/arm-none-eabi/13.3.1/thumb/v7-m/nofp/crtbegin.o

.rodata         0x08007288      0x3e4
                0x08007288                        . = ALIGN (0x4)
 *(.rodata)
 .rodata        0x08007288      0x382 ./Core/Src/main.o
 *(.rodata*)
 *fill*         0x0800760a        0x2 
 .rodata.AHBPrescTable
                0x0800760c       0x10 ./Core/Src/system_stm32f1xx.o
                0x0800760c                AHBPrescTable
 .rodata.APBPrescTable
                0x0800761c        0x8 ./Core/Src/system_stm32f1xx.o
                0x0800761c                APBPrescTable
 .rodata.aPLLMULFactorTable.1
                0x08007624       0x10 ./Drivers/STM32F1xx_HAL_Driver/Src/stm32f1xx_hal_rcc.o
 .rodata.aPredivFactorTable.0
                0x08007634        0x2 ./Drivers/STM32F1xx_HAL_Driver/Src/stm32f1xx_hal_rcc.o
 .rodata._svfprintf_r.str1.1
                0x08007636       0x33 C:/ST/STM32CubeIDE_1.19.0/STM32CubeIDE/plugins/com.st.stm32cube.ide.mcu.externaltools.gnu-tools-for-stm32.13.3.rel1.win32_1.0.0.202411081344/tools/bin/../lib/gcc/arm-none-eabi/13.3.1/../../../../arm-none-eabi/lib/thumb/v7-m/nofp\libc_nano.a(libc_a-nano-svfprintf.o)
                                 0x11 (size before relaxing)
 .rodata._vfprintf_r.str1.1
                0x08007669       0x11 C:/ST/STM32CubeIDE_1.19.0/STM32CubeIDE/plugins/com.st.stm32cube.ide.mcu.externaltools.gnu-tools-for-stm32.13.3.rel1.win32_1.0.0.202411081344/tools/bin/../lib/gcc/arm-none-eabi/13.3.1/../../../../arm-none-eabi/lib/thumb/v7-m/nofp\libc_nano.a(libc_a-nano-vfprintf.o)
 .rodata._printf_i.str1.1
                0x08007669       0x22 C:/ST/STM32CubeIDE_1.19.0/STM32CubeIDE/plugins/com.st.stm32cube.ide.mcu.externaltools.gnu-tools-for-stm32.13.3.rel1.win32_1.0.0.202411081344/tools/bin/../lib/gcc/arm-none-eabi/13.3.1/../../../../arm-none-eabi/lib/thumb/v7-m/nofp\libc_nano.a(libc_a-nano-vfprintf_i.o)
                0x0800768c                        . = ALIGN (0x4)
 *fill*         0x08007669        0x3 

.ARM.extab      0x0800766c        0x0
                0x0800766c                        . = ALIGN (0x4)
 *(.ARM.extab* .gnu.linkonce.armextab.*)
                0x0800766c                        . = ALIGN (0x4)

.ARM            0x0800766c        0x0
                0x0800766c                        . = ALIGN (0x4)
                0x0800766c                        __exidx_start = .
 *(.ARM.exidx*)
                0x0800766c                        __exidx_end = .
                0x0800766c                        . = ALIGN (0x4)

.preinit_array  0x0800766c        0x0
                0x0800766c                        . = ALIGN (0x4)
                0x0800766c                        PROVIDE (__preinit_array_start = .)
 *(.preinit_array*)
                0x0800766c                        PROVIDE (__preinit_array_end = .)
                0x0800766c                        . = ALIGN (0x4)

.init_array     0x0800766c        0x4
                0x0800766c                        . = ALIGN (0x4)
                0x0800766c                        PROVIDE (__init_array_start = .)
 *(SORT_BY_NAME(.init_array.*))
 *(.init_array*)
 .init_array    0x0800766c        0x4 C:/ST/STM32CubeIDE_1.19.0/STM32CubeIDE/plugins/com.st.stm32cube.ide.mcu.externaltools.gnu-tools-for-stm32.13.3.rel1.win32_1.0.0.202411081344/tools/bin/../lib/gcc/arm-none-eabi/13.3.1/thumb/v7-m/nofp/crtbegin.o
                0x08007670                        PROVIDE (__init_array_end = .)
                0x08007670                        . = ALIGN (0x4)

.fini_array     0x08007670        0x4
                0x08007670                        . = ALIGN (0x4)
                [!provide]                        PROVIDE (__fini_array_start = .)
 *(SORT_BY_NAME(.fini_array.*))
 *(.fini_array*)
 .fini_array    0x08007670        0x4 C:/ST/STM32CubeIDE_1.19.0/STM32CubeIDE/plugins/com.st.stm32cube.ide.mcu.externaltools.gnu-tools-for-stm32.13.3.rel1.win32_1.0.0.202411081344/tools/bin/../lib/gcc/arm-none-eabi/13.3.1/thumb/v7-m/nofp/crtbegin.o
                [!provide]                        PROVIDE (__fini_array_end = .)
                0x08007674                        . = ALIGN (0x4)
                0x08007674                        _sidata = LOADADDR (.data)

.rel.dyn        0x08007674        0x0
 .rel.iplt      0x08007674        0x0 C:/ST/STM32CubeIDE_1.19.0/STM32CubeIDE/plugins/com.st.stm32cube.ide.mcu.externaltools.gnu-tools-for-stm32.13.3.rel1.win32_1.0.0.202411081344/tools/bin/../lib/gcc/arm-none-eabi/13.3.1/thumb/v7-m/nofp/crtbegin.o

.data           0x20000000       0x80 load address 0x08007674
                0x20000000                        . = ALIGN (0x4)
                0x20000000                        _sdata = .
 *(.data)
 *(.data*)
 .data.sensorWeight
                0x20000000        0x5 ./Core/Src/main.o
                0x20000000                sensorWeight
 *fill*         0x20000005        0x3 
 .data.Kp       0x20000008        0x4 ./Core/Src/main.o
                0x20000008                Kp
 .data.Ki       0x2000000c        0x4 ./Core/Src/main.o
                0x2000000c                Ki
 .data.Kd       0x20000010        0x4 ./Core/Src/main.o
                0x20000010                Kd
 .data.currentspeed
                0x20000014        0x1 ./Core/Src/main.o
                0x20000014                currentspeed
 .data.baseSpeed
                0x20000015        0x1 ./Core/Src/main.o
                0x20000015                baseSpeed
 .data.maxSpeed
                0x20000016        0x1 ./Core/Src/main.o
                0x20000016                maxSpeed
 *fill*         0x20000017        0x1 
 .data.SystemCoreClock
                0x20000018        0x4 ./Core/Src/system_stm32f1xx.o
                0x20000018                SystemCoreClock
 .data.uwTickPrio
                0x2000001c        0x4 ./Drivers/STM32F1xx_HAL_Driver/Src/stm32f1xx_hal.o
                0x2000001c                uwTickPrio
 .data.uwTickFreq
                0x20000020        0x1 ./Drivers/STM32F1xx_HAL_Driver/Src/stm32f1xx_hal.o
                0x20000020                uwTickFreq
 *fill*         0x20000021        0x3 
 .data.__sglue  0x20000024        0xc C:/ST/STM32CubeIDE_1.19.0/STM32CubeIDE/plugins/com.st.stm32cube.ide.mcu.externaltools.gnu-tools-for-stm32.13.3.rel1.win32_1.0.0.202411081344/tools/bin/../lib/gcc/arm-none-eabi/13.3.1/../../../../arm-none-eabi/lib/thumb/v7-m/nofp\libc_nano.a(libc_a-findfp.o)
                0x20000024                __sglue
 .data._impure_ptr
                0x20000030        0x4 C:/ST/STM32CubeIDE_1.19.0/STM32CubeIDE/plugins/com.st.stm32cube.ide.mcu.externaltools.gnu-tools-for-stm32.13.3.rel1.win32_1.0.0.202411081344/tools/bin/../lib/gcc/arm-none-eabi/13.3.1/../../../../arm-none-eabi/lib/thumb/v7-m/nofp\libc_nano.a(libc_a-impure.o)
                0x20000030                _impure_ptr
 .data._impure_data
                0x20000034       0x4c C:/ST/STM32CubeIDE_1.19.0/STM32CubeIDE/plugins/com.st.stm32cube.ide.mcu.externaltools.gnu-tools-for-stm32.13.3.rel1.win32_1.0.0.202411081344/tools/bin/../lib/gcc/arm-none-eabi/13.3.1/../../../../arm-none-eabi/lib/thumb/v7-m/nofp\libc_nano.a(libc_a-impure.o)
                0x20000034                _impure_data
 *(.RamFunc)
 *(.RamFunc*)
                0x20000080                        . = ALIGN (0x4)
                0x20000080                        _edata = .

.igot.plt       0x20000080        0x0 load address 0x080076f4
 .igot.plt      0x20000080        0x0 C:/ST/STM32CubeIDE_1.19.0/STM32CubeIDE/plugins/com.st.stm32cube.ide.mcu.externaltools.gnu-tools-for-stm32.13.3.rel1.win32_1.0.0.202411081344/tools/bin/../lib/gcc/arm-none-eabi/13.3.1/thumb/v7-m/nofp/crtbegin.o
                0x20000080                        . = ALIGN (0x4)

.bss            0x20000080      0x3b0 load address 0x080076f4
                0x20000080                        _sbss = .
                0x20000080                        __bss_start__ = _sbss
 *(.bss)
 .bss           0x20000080       0x1c C:/ST/STM32CubeIDE_1.19.0/STM32CubeIDE/plugins/com.st.stm32cube.ide.mcu.externaltools.gnu-tools-for-stm32.13.3.rel1.win32_1.0.0.202411081344/tools/bin/../lib/gcc/arm-none-eabi/13.3.1/thumb/v7-m/nofp/crtbegin.o
 *(.bss*)
 .bss.color_tim
                0x2000009c        0x4 ./Core/Inc/Color.o
 .bss.ic_val1   0x200000a0        0x4 ./Core/Inc/Color.o
 .bss.ic_val2   0x200000a4        0x4 ./Core/Inc/Color.o
 .bss.is_first_captured
                0x200000a8        0x1 ./Core/Inc/Color.o
 *fill*         0x200000a9        0x3 
 .bss.frequency
                0x200000ac        0x4 ./Core/Inc/Color.o
 .bss.hadc1     0x200000b0       0x30 ./Core/Src/main.o
                0x200000b0                hadc1
 .bss.hdma_adc1
                0x200000e0       0x44 ./Core/Src/main.o
                0x200000e0                hdma_adc1
 .bss.htim2     0x20000124       0x48 ./Core/Src/main.o
                0x20000124                htim2
 .bss.htim3     0x2000016c       0x48 ./Core/Src/main.o
                0x2000016c                htim3
 .bss.huart2    0x200001b4       0x48 ./Core/Src/main.o
                0x200001b4                huart2
 .bss.adcBuffer
                0x200001fc        0xa ./Core/Src/main.o
                0x200001fc                adcBuffer
 *fill*         0x20000206        0x2 
 .bss.uartBuf   0x20000208       0x64 ./Core/Src/main.o
                0x20000208                uartBuf
 .bss.irMin     0x2000026c        0xa ./Core/Src/main.o
                0x2000026c                irMin
 *fill*         0x20000276        0x2 
 .bss.irMax     0x20000278        0xa ./Core/Src/main.o
                0x20000278                irMax
 *fill*         0x20000282        0x2 
 .bss.irThreshold
                0x20000284        0xa ./Core/Src/main.o
                0x20000284                irThreshold
 *fill*         0x2000028e        0x2 
 .bss.sensorNorm
                0x20000290        0xa ./Core/Src/main.o
                0x20000290                sensorNorm
 *fill*         0x2000029a        0x2 
 .bss.sensorBinary
                0x2000029c        0x5 ./Core/Src/main.o
                0x2000029c                sensorBinary
 .bss.robotState
                0x200002a1        0x1 ./Core/Src/main.o
                0x200002a1                robotState
 .bss.storedDirection
                0x200002a2        0x1 ./Core/Src/main.o
                0x200002a2                storedDirection
 *fill*         0x200002a3        0x1 
 .bss.stateStartTime
                0x200002a4        0x4 ./Core/Src/main.o
                0x200002a4                stateStartTime
 .bss.currentLineType
                0x200002a8        0x1 ./Core/Src/main.o
                0x200002a8                currentLineType
 .bss.onLine    0x200002a9        0x1 ./Core/Src/main.o
                0x200002a9                onLine
 *fill*         0x200002aa        0x2 
 .bss.lineError
                0x200002ac        0x4 ./Core/Src/main.o
                0x200002ac                lineError
 .bss.pid_P     0x200002b0        0x4 ./Core/Src/main.o
                0x200002b0                pid_P
 .bss.pid_I     0x200002b4        0x4 ./Core/Src/main.o
                0x200002b4                pid_I
 .bss.pid_D     0x200002b8        0x4 ./Core/Src/main.o
                0x200002b8                pid_D
 .bss.previousError
                0x200002bc        0x4 ./Core/Src/main.o
                0x200002bc                previousError
 .bss.pidOutput
                0x200002c0        0x4 ./Core/Src/main.o
                0x200002c0                pidOutput
 .bss.Bval      0x200002c4        0x1 ./Core/Src/main.o
                0x200002c4                Bval
 .bss.bit_sensor
                0x200002c5        0x1 ./Core/Src/main.o
                0x200002c5                bit_sensor
 .bss.hasPackage
                0x200002c6        0x1 ./Core/Src/main.o
                0x200002c6                hasPackage
 *fill*         0x200002c7        0x1 
 .bss.colorRed  0x200002c8        0x4 ./Core/Src/main.o
                0x200002c8                colorRed
 .bss.colorGreen
                0x200002cc        0x4 ./Core/Src/main.o
                0x200002cc                colorGreen
 .bss.colorBlue
                0x200002d0        0x4 ./Core/Src/main.o
                0x200002d0                colorBlue
 .bss.lastPrintTick
                0x200002d4        0x4 ./Core/Src/main.o
                0x200002d4                lastPrintTick
 .bss.junction_count
                0x200002d8        0x1 ./Core/Src/main.o
                0x200002d8                junction_count
 .bss.junction_debounced
                0x200002d9        0x1 ./Core/Src/main.o
                0x200002d9                junction_debounced
 .bss.total_delivered
                0x200002da        0x1 ./Core/Src/main.o
                0x200002da                total_delivered
 *fill*         0x200002db        0x1 
 .bss.__sbrk_heap_end
                0x200002dc        0x4 ./Core/Src/sysmem.o
 .bss.uwTick    0x200002e0        0x4 ./Drivers/STM32F1xx_HAL_Driver/Src/stm32f1xx_hal.o
                0x200002e0                uwTick
 .bss.__sf      0x200002e4      0x138 C:/ST/STM32CubeIDE_1.19.0/STM32CubeIDE/plugins/com.st.stm32cube.ide.mcu.externaltools.gnu-tools-for-stm32.13.3.rel1.win32_1.0.0.202411081344/tools/bin/../lib/gcc/arm-none-eabi/13.3.1/../../../../arm-none-eabi/lib/thumb/v7-m/nofp\libc_nano.a(libc_a-findfp.o)
                0x200002e4                __sf
 .bss.__stdio_exit_handler
                0x2000041c        0x4 C:/ST/STM32CubeIDE_1.19.0/STM32CubeIDE/plugins/com.st.stm32cube.ide.mcu.externaltools.gnu-tools-for-stm32.13.3.rel1.win32_1.0.0.202411081344/tools/bin/../lib/gcc/arm-none-eabi/13.3.1/../../../../arm-none-eabi/lib/thumb/v7-m/nofp\libc_nano.a(libc_a-findfp.o)
                0x2000041c                __stdio_exit_handler
 .bss.errno     0x20000420        0x4 C:/ST/STM32CubeIDE_1.19.0/STM32CubeIDE/plugins/com.st.stm32cube.ide.mcu.externaltools.gnu-tools-for-stm32.13.3.rel1.win32_1.0.0.202411081344/tools/bin/../lib/gcc/arm-none-eabi/13.3.1/../../../../arm-none-eabi/lib/thumb/v7-m/nofp\libc_nano.a(libc_a-reent.o)
                0x20000420                errno
 .bss.__lock___malloc_recursive_mutex
                0x20000424        0x1 C:/ST/STM32CubeIDE_1.19.0/STM32CubeIDE/plugins/com.st.stm32cube.ide.mcu.externaltools.gnu-tools-for-stm32.13.3.rel1.win32_1.0.0.202411081344/tools/bin/../lib/gcc/arm-none-eabi/13.3.1/../../../../arm-none-eabi/lib/thumb/v7-m/nofp\libc_nano.a(libc_a-lock.o)
                0x20000424                __lock___malloc_recursive_mutex
 .bss.__lock___sfp_recursive_mutex
                0x20000425        0x1 C:/ST/STM32CubeIDE_1.19.0/STM32CubeIDE/plugins/com.st.stm32cube.ide.mcu.externaltools.gnu-tools-for-stm32.13.3.rel1.win32_1.0.0.202411081344/tools/bin/../lib/gcc/arm-none-eabi/13.3.1/../../../../arm-none-eabi/lib/thumb/v7-m/nofp\libc_nano.a(libc_a-lock.o)
                0x20000425                __lock___sfp_recursive_mutex
 *fill*         0x20000426        0x2 
 .bss.__malloc_sbrk_start
                0x20000428        0x4 C:/ST/STM32CubeIDE_1.19.0/STM32CubeIDE/plugins/com.st.stm32cube.ide.mcu.externaltools.gnu-tools-for-stm32.13.3.rel1.win32_1.0.0.202411081344/tools/bin/../lib/gcc/arm-none-eabi/13.3.1/../../../../arm-none-eabi/lib/thumb/v7-m/nofp\libc_nano.a(libc_a-mallocr.o)
                0x20000428                __malloc_sbrk_start
 .bss.__malloc_free_list
                0x2000042c        0x4 C:/ST/STM32CubeIDE_1.19.0/STM32CubeIDE/plugins/com.st.stm32cube.ide.mcu.externaltools.gnu-tools-for-stm32.13.3.rel1.win32_1.0.0.202411081344/tools/bin/../lib/gcc/arm-none-eabi/13.3.1/../../../../arm-none-eabi/lib/thumb/v7-m/nofp\libc_nano.a(libc_a-mallocr.o)
                0x2000042c                __malloc_free_list
 *(COMMON)
                0x20000430                        . = ALIGN (0x4)
                0x20000430                        _ebss = .
                0x20000430                        __bss_end__ = _ebss

._user_heap_stack
                0x20000430      0x600 load address 0x080076f4
                0x20000430                        . = ALIGN (0x8)
                [!provide]                        PROVIDE (end = .)
                0x20000430                        PROVIDE (_end = .)
                0x20000630                        . = (. + _Min_Heap_Size)
 *fill*         0x20000430      0x200 
                0x20000a30                        . = (. + _Min_Stack_Size)
 *fill*         0x20000630      0x400 
                0x20000a30                        . = ALIGN (0x8)

/DISCARD/
 libc.a(*)
 libm.a(*)
 libgcc.a(*)

.ARM.attributes
                0x00000000       0x29
 *(.ARM.attributes)
 .ARM.attributes
                0x00000000       0x1d C:/ST/STM32CubeIDE_1.19.0/STM32CubeIDE/plugins/com.st.stm32cube.ide.mcu.externaltools.gnu-tools-for-stm32.13.3.rel1.win32_1.0.0.202411081344/tools/bin/../lib/gcc/arm-none-eabi/13.3.1/thumb/v7-m/nofp/crti.o
 .ARM.attributes
                0x0000001d       0x2d C:/ST/STM32CubeIDE_1.19.0/STM32CubeIDE/plugins/com.st.stm32cube.ide.mcu.externaltools.gnu-tools-for-stm32.13.3.rel1.win32_1.0.0.202411081344/tools/bin/../lib/gcc/arm-none-eabi/13.3.1/thumb/v7-m/nofp/crtbegin.o
 .ARM.attributes
                0x0000004a       0x2d ./Core/Inc/Color.o
 .ARM.attributes
                0x00000077       0x2d ./Core/Src/main.o
 .ARM.attributes
                0x000000a4       0x2d ./Core/Src/stm32f1xx_hal_msp.o
 .ARM.attributes
                0x000000d1       0x2d ./Core/Src/stm32f1xx_it.o
 .ARM.attributes
                0x000000fe       0x2d ./Core/Src/syscalls.o
 .ARM.attributes
                0x0000012b       0x2d ./Core/Src/sysmem.o
 .ARM.attributes
                0x00000158       0x2d ./Core/Src/system_stm32f1xx.o
 .ARM.attributes
                0x00000185       0x21 ./Core/Startup/startup_stm32f103rbtx.o
 .ARM.attributes
                0x000001a6       0x2d ./Drivers/STM32F1xx_HAL_Driver/Src/stm32f1xx_hal.o
 .ARM.attributes
                0x000001d3       0x2d ./Drivers/STM32F1xx_HAL_Driver/Src/stm32f1xx_hal_adc.o
 .ARM.attributes
                0x00000200       0x2d ./Drivers/STM32F1xx_HAL_Driver/Src/stm32f1xx_hal_adc_ex.o
 .ARM.attributes
                0x0000022d       0x2d ./Drivers/STM32F1xx_HAL_Driver/Src/stm32f1xx_hal_cortex.o
 .ARM.attributes
                0x0000025a       0x2d ./Drivers/STM32F1xx_HAL_Driver/Src/stm32f1xx_hal_dma.o
 .ARM.attributes
                0x00000287       0x2d ./Drivers/STM32F1xx_HAL_Driver/Src/stm32f1xx_hal_gpio.o
 .ARM.attributes
                0x000002b4       0x2d ./Drivers/STM32F1xx_HAL_Driver/Src/stm32f1xx_hal_rcc.o
 .ARM.attributes
                0x000002e1       0x2d ./Drivers/STM32F1xx_HAL_Driver/Src/stm32f1xx_hal_rcc_ex.o
 .ARM.attributes
                0x0000030e       0x2d ./Drivers/STM32F1xx_HAL_Driver/Src/stm32f1xx_hal_tim.o
 .ARM.attributes
                0x0000033b       0x2d ./Drivers/STM32F1xx_HAL_Driver/Src/stm32f1xx_hal_tim_ex.o
 .ARM.attributes
                0x00000368       0x2d ./Drivers/STM32F1xx_HAL_Driver/Src/stm32f1xx_hal_uart.o
 .ARM.attributes
                0x00000395       0x2d C:/ST/STM32CubeIDE_1.19.0/STM32CubeIDE/plugins/com.st.stm32cube.ide.mcu.externaltools.gnu-tools-for-stm32.13.3.rel1.win32_1.0.0.202411081344/tools/bin/../lib/gcc/arm-none-eabi/13.3.1/../../../../arm-none-eabi/lib/thumb/v7-m/nofp\libc_nano.a(libc_a-findfp.o)
 .ARM.attributes
                0x000003c2       0x2d C:/ST/STM32CubeIDE_1.19.0/STM32CubeIDE/plugins/com.st.stm32cube.ide.mcu.externaltools.gnu-tools-for-stm32.13.3.rel1.win32_1.0.0.202411081344/tools/bin/../lib/gcc/arm-none-eabi/13.3.1/../../../../arm-none-eabi/lib/thumb/v7-m/nofp\libc_nano.a(libc_a-fwalk.o)
 .ARM.attributes
                0x000003ef       0x2d C:/ST/STM32CubeIDE_1.19.0/STM32CubeIDE/plugins/com.st.stm32cube.ide.mcu.externaltools.gnu-tools-for-stm32.13.3.rel1.win32_1.0.0.202411081344/tools/bin/../lib/gcc/arm-none-eabi/13.3.1/../../../../arm-none-eabi/lib/thumb/v7-m/nofp\libc_nano.a(libc_a-printf.o)
 .ARM.attributes
                0x0000041c       0x2d C:/ST/STM32CubeIDE_1.19.0/STM32CubeIDE/plugins/com.st.stm32cube.ide.mcu.externaltools.gnu-tools-for-stm32.13.3.rel1.win32_1.0.0.202411081344/tools/bin/../lib/gcc/arm-none-eabi/13.3.1/../../../../arm-none-eabi/lib/thumb/v7-m/nofp\libc_nano.a(libc_a-puts.o)
 .ARM.attributes
                0x00000449       0x2d C:/ST/STM32CubeIDE_1.19.0/STM32CubeIDE/plugins/com.st.stm32cube.ide.mcu.externaltools.gnu-tools-for-stm32.13.3.rel1.win32_1.0.0.202411081344/tools/bin/../lib/gcc/arm-none-eabi/13.3.1/../../../../arm-none-eabi/lib/thumb/v7-m/nofp\libc_nano.a(libc_a-snprintf.o)
 .ARM.attributes
                0x00000476       0x2d C:/ST/STM32CubeIDE_1.19.0/STM32CubeIDE/plugins/com.st.stm32cube.ide.mcu.externaltools.gnu-tools-for-stm32.13.3.rel1.win32_1.0.0.202411081344/tools/bin/../lib/gcc/arm-none-eabi/13.3.1/../../../../arm-none-eabi/lib/thumb/v7-m/nofp\libc_nano.a(libc_a-stdio.o)
 .ARM.attributes
                0x000004a3       0x2d C:/ST/STM32CubeIDE_1.19.0/STM32CubeIDE/plugins/com.st.stm32cube.ide.mcu.externaltools.gnu-tools-for-stm32.13.3.rel1.win32_1.0.0.202411081344/tools/bin/../lib/gcc/arm-none-eabi/13.3.1/../../../../arm-none-eabi/lib/thumb/v7-m/nofp\libc_nano.a(libc_a-wbuf.o)
 .ARM.attributes
                0x000004d0       0x2d C:/ST/STM32CubeIDE_1.19.0/STM32CubeIDE/plugins/com.st.stm32cube.ide.mcu.externaltools.gnu-tools-for-stm32.13.3.rel1.win32_1.0.0.202411081344/tools/bin/../lib/gcc/arm-none-eabi/13.3.1/../../../../arm-none-eabi/lib/thumb/v7-m/nofp\libc_nano.a(libc_a-wsetup.o)
 .ARM.attributes
                0x000004fd       0x2d C:/ST/STM32CubeIDE_1.19.0/STM32CubeIDE/plugins/com.st.stm32cube.ide.mcu.externaltools.gnu-tools-for-stm32.13.3.rel1.win32_1.0.0.202411081344/tools/bin/../lib/gcc/arm-none-eabi/13.3.1/../../../../arm-none-eabi/lib/thumb/v7-m/nofp\libc_nano.a(libc_a-memset.o)
 .ARM.attributes
                0x0000052a       0x2d C:/ST/STM32CubeIDE_1.19.0/STM32CubeIDE/plugins/com.st.stm32cube.ide.mcu.externaltools.gnu-tools-for-stm32.13.3.rel1.win32_1.0.0.202411081344/tools/bin/../lib/gcc/arm-none-eabi/13.3.1/../../../../arm-none-eabi/lib/thumb/v7-m/nofp\libc_nano.a(libc_a-closer.o)
 .ARM.attributes
                0x00000557       0x2d C:/ST/STM32CubeIDE_1.19.0/STM32CubeIDE/plugins/com.st.stm32cube.ide.mcu.externaltools.gnu-tools-for-stm32.13.3.rel1.win32_1.0.0.202411081344/tools/bin/../lib/gcc/arm-none-eabi/13.3.1/../../../../arm-none-eabi/lib/thumb/v7-m/nofp\libc_nano.a(libc_a-reent.o)
 .ARM.attributes
                0x00000584       0x2d C:/ST/STM32CubeIDE_1.19.0/STM32CubeIDE/plugins/com.st.stm32cube.ide.mcu.externaltools.gnu-tools-for-stm32.13.3.rel1.win32_1.0.0.202411081344/tools/bin/../lib/gcc/arm-none-eabi/13.3.1/../../../../arm-none-eabi/lib/thumb/v7-m/nofp\libc_nano.a(libc_a-impure.o)
 .ARM.attributes
                0x000005b1       0x2d C:/ST/STM32CubeIDE_1.19.0/STM32CubeIDE/plugins/com.st.stm32cube.ide.mcu.externaltools.gnu-tools-for-stm32.13.3.rel1.win32_1.0.0.202411081344/tools/bin/../lib/gcc/arm-none-eabi/13.3.1/../../../../arm-none-eabi/lib/thumb/v7-m/nofp\libc_nano.a(libc_a-lseekr.o)
 .ARM.attributes
                0x000005de       0x2d C:/ST/STM32CubeIDE_1.19.0/STM32CubeIDE/plugins/com.st.stm32cube.ide.mcu.externaltools.gnu-tools-for-stm32.13.3.rel1.win32_1.0.0.202411081344/tools/bin/../lib/gcc/arm-none-eabi/13.3.1/../../../../arm-none-eabi/lib/thumb/v7-m/nofp\libc_nano.a(libc_a-readr.o)
 .ARM.attributes
                0x0000060b       0x2d C:/ST/STM32CubeIDE_1.19.0/STM32CubeIDE/plugins/com.st.stm32cube.ide.mcu.externaltools.gnu-tools-for-stm32.13.3.rel1.win32_1.0.0.202411081344/tools/bin/../lib/gcc/arm-none-eabi/13.3.1/../../../../arm-none-eabi/lib/thumb/v7-m/nofp\libc_nano.a(libc_a-writer.o)
 .ARM.attributes
                0x00000638       0x2d C:/ST/STM32CubeIDE_1.19.0/STM32CubeIDE/plugins/com.st.stm32cube.ide.mcu.externaltools.gnu-tools-for-stm32.13.3.rel1.win32_1.0.0.202411081344/tools/bin/../lib/gcc/arm-none-eabi/13.3.1/../../../../arm-none-eabi/lib/thumb/v7-m/nofp\libc_nano.a(libc_a-errno.o)
 .ARM.attributes
                0x00000665       0x2d C:/ST/STM32CubeIDE_1.19.0/STM32CubeIDE/plugins/com.st.stm32cube.ide.mcu.externaltools.gnu-tools-for-stm32.13.3.rel1.win32_1.0.0.202411081344/tools/bin/../lib/gcc/arm-none-eabi/13.3.1/../../../../arm-none-eabi/lib/thumb/v7-m/nofp\libc_nano.a(libc_a-init.o)
 .ARM.attributes
                0x00000692       0x2d C:/ST/STM32CubeIDE_1.19.0/STM32CubeIDE/plugins/com.st.stm32cube.ide.mcu.externaltools.gnu-tools-for-stm32.13.3.rel1.win32_1.0.0.202411081344/tools/bin/../lib/gcc/arm-none-eabi/13.3.1/../../../../arm-none-eabi/lib/thumb/v7-m/nofp\libc_nano.a(libc_a-lock.o)
 .ARM.attributes
                0x000006bf       0x2d C:/ST/STM32CubeIDE_1.19.0/STM32CubeIDE/plugins/com.st.stm32cube.ide.mcu.externaltools.gnu-tools-for-stm32.13.3.rel1.win32_1.0.0.202411081344/tools/bin/../lib/gcc/arm-none-eabi/13.3.1/../../../../arm-none-eabi/lib/thumb/v7-m/nofp\libc_nano.a(libc_a-freer.o)
 .ARM.attributes
                0x000006ec       0x2d C:/ST/STM32CubeIDE_1.19.0/STM32CubeIDE/plugins/com.st.stm32cube.ide.mcu.externaltools.gnu-tools-for-stm32.13.3.rel1.win32_1.0.0.202411081344/tools/bin/../lib/gcc/arm-none-eabi/13.3.1/../../../../arm-none-eabi/lib/thumb/v7-m/nofp\libc_nano.a(libc_a-mallocr.o)
 .ARM.attributes
                0x00000719       0x2d C:/ST/STM32CubeIDE_1.19.0/STM32CubeIDE/plugins/com.st.stm32cube.ide.mcu.externaltools.gnu-tools-for-stm32.13.3.rel1.win32_1.0.0.202411081344/tools/bin/../lib/gcc/arm-none-eabi/13.3.1/../../../../arm-none-eabi/lib/thumb/v7-m/nofp\libc_nano.a(libc_a-mlock.o)
 .ARM.attributes
                0x00000746       0x2d C:/ST/STM32CubeIDE_1.19.0/STM32CubeIDE/plugins/com.st.stm32cube.ide.mcu.externaltools.gnu-tools-for-stm32.13.3.rel1.win32_1.0.0.202411081344/tools/bin/../lib/gcc/arm-none-eabi/13.3.1/../../../../arm-none-eabi/lib/thumb/v7-m/nofp\libc_nano.a(libc_a-nano-svfprintf.o)
 .ARM.attributes
                0x00000773       0x2d C:/ST/STM32CubeIDE_1.19.0/STM32CubeIDE/plugins/com.st.stm32cube.ide.mcu.externaltools.gnu-tools-for-stm32.13.3.rel1.win32_1.0.0.202411081344/tools/bin/../lib/gcc/arm-none-eabi/13.3.1/../../../../arm-none-eabi/lib/thumb/v7-m/nofp\libc_nano.a(libc_a-nano-vfprintf.o)
 .ARM.attributes
                0x000007a0       0x2d C:/ST/STM32CubeIDE_1.19.0/STM32CubeIDE/plugins/com.st.stm32cube.ide.mcu.externaltools.gnu-tools-for-stm32.13.3.rel1.win32_1.0.0.202411081344/tools/bin/../lib/gcc/arm-none-eabi/13.3.1/../../../../arm-none-eabi/lib/thumb/v7-m/nofp\libc_nano.a(libc_a-nano-vfprintf_i.o)
 .ARM.attributes
                0x000007cd       0x2d C:/ST/STM32CubeIDE_1.19.0/STM32CubeIDE/plugins/com.st.stm32cube.ide.mcu.externaltools.gnu-tools-for-stm32.13.3.rel1.win32_1.0.0.202411081344/tools/bin/../lib/gcc/arm-none-eabi/13.3.1/../../../../arm-none-eabi/lib/thumb/v7-m/nofp\libc_nano.a(libc_a-fflush.o)
 .ARM.attributes
                0x000007fa       0x2d C:/ST/STM32CubeIDE_1.19.0/STM32CubeIDE/plugins/com.st.stm32cube.ide.mcu.externaltools.gnu-tools-for-stm32.13.3.rel1.win32_1.0.0.202411081344/tools/bin/../lib/gcc/arm-none-eabi/13.3.1/../../../../arm-none-eabi/lib/thumb/v7-m/nofp\libc_nano.a(libc_a-makebuf.o)
 .ARM.attributes
                0x00000827       0x2d C:/ST/STM32CubeIDE_1.19.0/STM32CubeIDE/plugins/com.st.stm32cube.ide.mcu.externaltools.gnu-tools-for-stm32.13.3.rel1.win32_1.0.0.202411081344/tools/bin/../lib/gcc/arm-none-eabi/13.3.1/../../../../arm-none-eabi/lib/thumb/v7-m/nofp\libc_nano.a(libc_a-memmove.o)
 .ARM.attributes
                0x00000854       0x2d C:/ST/STM32CubeIDE_1.19.0/STM32CubeIDE/plugins/com.st.stm32cube.ide.mcu.externaltools.gnu-tools-for-stm32.13.3.rel1.win32_1.0.0.202411081344/tools/bin/../lib/gcc/arm-none-eabi/13.3.1/../../../../arm-none-eabi/lib/thumb/v7-m/nofp\libc_nano.a(libc_a-fstatr.o)
 .ARM.attributes
                0x00000881       0x2d C:/ST/STM32CubeIDE_1.19.0/STM32CubeIDE/plugins/com.st.stm32cube.ide.mcu.externaltools.gnu-tools-for-stm32.13.3.rel1.win32_1.0.0.202411081344/tools/bin/../lib/gcc/arm-none-eabi/13.3.1/../../../../arm-none-eabi/lib/thumb/v7-m/nofp\libc_nano.a(libc_a-isattyr.o)
 .ARM.attributes
                0x000008ae       0x2d C:/ST/STM32CubeIDE_1.19.0/STM32CubeIDE/plugins/com.st.stm32cube.ide.mcu.externaltools.gnu-tools-for-stm32.13.3.rel1.win32_1.0.0.202411081344/tools/bin/../lib/gcc/arm-none-eabi/13.3.1/../../../../arm-none-eabi/lib/thumb/v7-m/nofp\libc_nano.a(libc_a-sbrkr.o)
 .ARM.attributes
                0x000008db       0x2d C:/ST/STM32CubeIDE_1.19.0/STM32CubeIDE/plugins/com.st.stm32cube.ide.mcu.externaltools.gnu-tools-for-stm32.13.3.rel1.win32_1.0.0.202411081344/tools/bin/../lib/gcc/arm-none-eabi/13.3.1/../../../../arm-none-eabi/lib/thumb/v7-m/nofp\libc_nano.a(libc_a-memchr-stub.o)
 .ARM.attributes
                0x00000908       0x2d C:/ST/STM32CubeIDE_1.19.0/STM32CubeIDE/plugins/com.st.stm32cube.ide.mcu.externaltools.gnu-tools-for-stm32.13.3.rel1.win32_1.0.0.202411081344/tools/bin/../lib/gcc/arm-none-eabi/13.3.1/../../../../arm-none-eabi/lib/thumb/v7-m/nofp\libc_nano.a(libc_a-memcpy-stub.o)
 .ARM.attributes
                0x00000935       0x2d C:/ST/STM32CubeIDE_1.19.0/STM32CubeIDE/plugins/com.st.stm32cube.ide.mcu.externaltools.gnu-tools-for-stm32.13.3.rel1.win32_1.0.0.202411081344/tools/bin/../lib/gcc/arm-none-eabi/13.3.1/../../../../arm-none-eabi/lib/thumb/v7-m/nofp\libc_nano.a(libc_a-reallocr.o)
 .ARM.attributes
                0x00000962       0x2d C:/ST/STM32CubeIDE_1.19.0/STM32CubeIDE/plugins/com.st.stm32cube.ide.mcu.externaltools.gnu-tools-for-stm32.13.3.rel1.win32_1.0.0.202411081344/tools/bin/../lib/gcc/arm-none-eabi/13.3.1/../../../../arm-none-eabi/lib/thumb/v7-m/nofp\libc_nano.a(libc_a-msizer.o)
 .ARM.attributes
                0x0000098f       0x1d C:/ST/STM32CubeIDE_1.19.0/STM32CubeIDE/plugins/com.st.stm32cube.ide.mcu.externaltools.gnu-tools-for-stm32.13.3.rel1.win32_1.0.0.202411081344/tools/bin/../lib/gcc/arm-none-eabi/13.3.1/thumb/v7-m/nofp\libgcc.a(_arm_muldf3.o)
 .ARM.attributes
                0x000009ac       0x1d C:/ST/STM32CubeIDE_1.19.0/STM32CubeIDE/plugins/com.st.stm32cube.ide.mcu.externaltools.gnu-tools-for-stm32.13.3.rel1.win32_1.0.0.202411081344/tools/bin/../lib/gcc/arm-none-eabi/13.3.1/thumb/v7-m/nofp\libgcc.a(_arm_addsubdf3.o)
 .ARM.attributes
                0x000009c9       0x1d C:/ST/STM32CubeIDE_1.19.0/STM32CubeIDE/plugins/com.st.stm32cube.ide.mcu.externaltools.gnu-tools-for-stm32.13.3.rel1.win32_1.0.0.202411081344/tools/bin/../lib/gcc/arm-none-eabi/13.3.1/thumb/v7-m/nofp\libgcc.a(_arm_cmpdf2.o)
 .ARM.attributes
                0x000009e6       0x1d C:/ST/STM32CubeIDE_1.19.0/STM32CubeIDE/plugins/com.st.stm32cube.ide.mcu.externaltools.gnu-tools-for-stm32.13.3.rel1.win32_1.0.0.202411081344/tools/bin/../lib/gcc/arm-none-eabi/13.3.1/thumb/v7-m/nofp\libgcc.a(_arm_addsubsf3.o)
 .ARM.attributes
                0x00000a03       0x1d C:/ST/STM32CubeIDE_1.19.0/STM32CubeIDE/plugins/com.st.stm32cube.ide.mcu.externaltools.gnu-tools-for-stm32.13.3.rel1.win32_1.0.0.202411081344/tools/bin/../lib/gcc/arm-none-eabi/13.3.1/thumb/v7-m/nofp\libgcc.a(_arm_muldivsf3.o)
 .ARM.attributes
                0x00000a20       0x1d C:/ST/STM32CubeIDE_1.19.0/STM32CubeIDE/plugins/com.st.stm32cube.ide.mcu.externaltools.gnu-tools-for-stm32.13.3.rel1.win32_1.0.0.202411081344/tools/bin/../lib/gcc/arm-none-eabi/13.3.1/thumb/v7-m/nofp\libgcc.a(_arm_cmpsf2.o)
 .ARM.attributes
                0x00000a3d       0x1d C:/ST/STM32CubeIDE_1.19.0/STM32CubeIDE/plugins/com.st.stm32cube.ide.mcu.externaltools.gnu-tools-for-stm32.13.3.rel1.win32_1.0.0.202411081344/tools/bin/../lib/gcc/arm-none-eabi/13.3.1/thumb/v7-m/nofp\libgcc.a(_arm_fixsfsi.o)
 .ARM.attributes
                0x00000a5a       0x1d C:/ST/STM32CubeIDE_1.19.0/STM32CubeIDE/plugins/com.st.stm32cube.ide.mcu.externaltools.gnu-tools-for-stm32.13.3.rel1.win32_1.0.0.202411081344/tools/bin/../lib/gcc/arm-none-eabi/13.3.1/thumb/v7-m/nofp/crtn.o
OUTPUT(Task6_PID.elf elf32-littlearm)
LOAD linker stubs
LOAD C:/ST/STM32CubeIDE_1.19.0/STM32CubeIDE/plugins/com.st.stm32cube.ide.mcu.externaltools.gnu-tools-for-stm32.13.3.rel1.win32_1.0.0.202411081344/tools/bin/../lib/gcc/arm-none-eabi/13.3.1/../../../../arm-none-eabi/lib/thumb/v7-m/nofp\libc.a
LOAD C:/ST/STM32CubeIDE_1.19.0/STM32CubeIDE/plugins/com.st.stm32cube.ide.mcu.externaltools.gnu-tools-for-stm32.13.3.rel1.win32_1.0.0.202411081344/tools/bin/../lib/gcc/arm-none-eabi/13.3.1/../../../../arm-none-eabi/lib/thumb/v7-m/nofp\libm.a
LOAD C:/ST/STM32CubeIDE_1.19.0/STM32CubeIDE/plugins/com.st.stm32cube.ide.mcu.externaltools.gnu-tools-for-stm32.13.3.rel1.win32_1.0.0.202411081344/tools/bin/../lib/gcc/arm-none-eabi/13.3.1/thumb/v7-m/nofp\libgcc.a

.debug_info     0x00000000     0xf76a
 .debug_info    0x00000000      0x8e1 ./Core/Inc/Color.o
 .debug_info    0x000008e1     0x1cce ./Core/Src/main.o
 .debug_info    0x000025af     0x1178 ./Core/Src/stm32f1xx_hal_msp.o
 .debug_info    0x00003727      0x908 ./Core/Src/stm32f1xx_it.o
 .debug_info    0x0000402f      0x6a3 ./Core/Src/syscalls.o
 .debug_info    0x000046d2      0x168 ./Core/Src/sysmem.o
 .debug_info    0x0000483a      0x222 ./Core/Src/system_stm32f1xx.o
 .debug_info    0x00004a5c       0x30 ./Core/Startup/startup_stm32f103rbtx.o
 .debug_info    0x00004a8c      0x704 ./Drivers/STM32F1xx_HAL_Driver/Src/stm32f1xx_hal.o
 .debug_info    0x00005190      0xc50 ./Drivers/STM32F1xx_HAL_Driver/Src/stm32f1xx_hal_adc.o
 .debug_info    0x00005de0      0xa10 ./Drivers/STM32F1xx_HAL_Driver/Src/stm32f1xx_hal_adc_ex.o
 .debug_info    0x000067f0      0xa87 ./Drivers/STM32F1xx_HAL_Driver/Src/stm32f1xx_hal_cortex.o
 .debug_info    0x00007277      0x6d2 ./Drivers/STM32F1xx_HAL_Driver/Src/stm32f1xx_hal_dma.o
 .debug_info    0x00007949      0x5ab ./Drivers/STM32F1xx_HAL_Driver/Src/stm32f1xx_hal_gpio.o
 .debug_info    0x00007ef4      0x7d5 ./Drivers/STM32F1xx_HAL_Driver/Src/stm32f1xx_hal_rcc.o
 .debug_info    0x000086c9      0x3c0 ./Drivers/STM32F1xx_HAL_Driver/Src/stm32f1xx_hal_rcc_ex.o
 .debug_info    0x00008a89     0x2959 ./Drivers/STM32F1xx_HAL_Driver/Src/stm32f1xx_hal_tim.o
 .debug_info    0x0000b3e2     0x149b ./Drivers/STM32F1xx_HAL_Driver/Src/stm32f1xx_hal_tim_ex.o
 .debug_info    0x0000c87d     0x2eed ./Drivers/STM32F1xx_HAL_Driver/Src/stm32f1xx_hal_uart.o

.debug_abbrev   0x00000000     0x2707
 .debug_abbrev  0x00000000      0x20f ./Core/Inc/Color.o
 .debug_abbrev  0x0000020f      0x381 ./Core/Src/main.o
 .debug_abbrev  0x00000590      0x293 ./Core/Src/stm32f1xx_hal_msp.o
 .debug_abbrev  0x00000823      0x1a7 ./Core/Src/stm32f1xx_it.o
 .debug_abbrev  0x000009ca      0x1b6 ./Core/Src/syscalls.o
 .debug_abbrev  0x00000b80       0xbc ./Core/Src/sysmem.o
 .debug_abbrev  0x00000c3c      0x13f ./Core/Src/system_stm32f1xx.o
 .debug_abbrev  0x00000d7b       0x24 ./Core/Startup/startup_stm32f103rbtx.o
 .debug_abbrev  0x00000d9f      0x201 ./Drivers/STM32F1xx_HAL_Driver/Src/stm32f1xx_hal.o
 .debug_abbrev  0x00000fa0      0x225 ./Drivers/STM32F1xx_HAL_Driver/Src/stm32f1xx_hal_adc.o
 .debug_abbrev  0x000011c5      0x249 ./Drivers/STM32F1xx_HAL_Driver/Src/stm32f1xx_hal_adc_ex.o
 .debug_abbrev  0x0000140e      0x2f8 ./Drivers/STM32F1xx_HAL_Driver/Src/stm32f1xx_hal_cortex.o
 .debug_abbrev  0x00001706      0x20b ./Drivers/STM32F1xx_HAL_Driver/Src/stm32f1xx_hal_dma.o
 .debug_abbrev  0x00001911      0x1ca ./Drivers/STM32F1xx_HAL_Driver/Src/stm32f1xx_hal_gpio.o
 .debug_abbrev  0x00001adb      0x2b3 ./Drivers/STM32F1xx_HAL_Driver/Src/stm32f1xx_hal_rcc.o
 .debug_abbrev  0x00001d8e      0x188 ./Drivers/STM32F1xx_HAL_Driver/Src/stm32f1xx_hal_rcc_ex.o
 .debug_abbrev  0x00001f16      0x277 ./Drivers/STM32F1xx_HAL_Driver/Src/stm32f1xx_hal_tim.o
 .debug_abbrev  0x0000218d      0x282 ./Drivers/STM32F1xx_HAL_Driver/Src/stm32f1xx_hal_tim_ex.o
 .debug_abbrev  0x0000240f      0x2f8 ./Drivers/STM32F1xx_HAL_Driver/Src/stm32f1xx_hal_uart.o

.debug_aranges  0x00000000      0xf78
 .debug_aranges
                0x00000000       0x68 ./Core/Inc/Color.o
 .debug_aranges
                0x00000068       0xf0 ./Core/Src/main.o
 .debug_aranges
                0x00000158       0x68 ./Core/Src/stm32f1xx_hal_msp.o
 .debug_aranges
                0x000001c0       0x78 ./Core/Src/stm32f1xx_it.o
 .debug_aranges
                0x00000238       0xa8 ./Core/Src/syscalls.o
 .debug_aranges
                0x000002e0       0x20 ./Core/Src/sysmem.o
 .debug_aranges
                0x00000300       0x28 ./Core/Src/system_stm32f1xx.o
 .debug_aranges
                0x00000328       0x28 ./Core/Startup/startup_stm32f103rbtx.o
 .debug_aranges
                0x00000350       0xe0 ./Drivers/STM32F1xx_HAL_Driver/Src/stm32f1xx_hal.o
 .debug_aranges
                0x00000430       0xf0 ./Drivers/STM32F1xx_HAL_Driver/Src/stm32f1xx_hal_adc.o
 .debug_aranges
                0x00000520       0x80 ./Drivers/STM32F1xx_HAL_Driver/Src/stm32f1xx_hal_adc_ex.o
 .debug_aranges
                0x000005a0      0x100 ./Drivers/STM32F1xx_HAL_Driver/Src/stm32f1xx_hal_cortex.o
 .debug_aranges
                0x000006a0       0x80 ./Drivers/STM32F1xx_HAL_Driver/Src/stm32f1xx_hal_dma.o
 .debug_aranges
                0x00000720       0x58 ./Drivers/STM32F1xx_HAL_Driver/Src/stm32f1xx_hal_gpio.o
 .debug_aranges
                0x00000778       0x90 ./Drivers/STM32F1xx_HAL_Driver/Src/stm32f1xx_hal_rcc.o
 .debug_aranges
                0x00000808       0x30 ./Drivers/STM32F1xx_HAL_Driver/Src/stm32f1xx_hal_rcc_ex.o
 .debug_aranges
                0x00000838      0x3d0 ./Drivers/STM32F1xx_HAL_Driver/Src/stm32f1xx_hal_tim.o
 .debug_aranges
                0x00000c08      0x168 ./Drivers/STM32F1xx_HAL_Driver/Src/stm32f1xx_hal_tim_ex.o
 .debug_aranges
                0x00000d70      0x208 ./Drivers/STM32F1xx_HAL_Driver/Src/stm32f1xx_hal_uart.o

.debug_rnglists
                0x00000000      0xc10
 .debug_rnglists
                0x00000000       0x4b ./Core/Inc/Color.o
 .debug_rnglists
                0x0000004b       0xbb ./Core/Src/main.o
 .debug_rnglists
                0x00000106       0x4c ./Core/Src/stm32f1xx_hal_msp.o
 .debug_rnglists
                0x00000152       0x55 ./Core/Src/stm32f1xx_it.o
 .debug_rnglists
                0x000001a7       0x79 ./Core/Src/syscalls.o
 .debug_rnglists
                0x00000220       0x13 ./Core/Src/sysmem.o
 .debug_rnglists
                0x00000233       0x1a ./Core/Src/system_stm32f1xx.o
 .debug_rnglists
                0x0000024d       0x19 ./Core/Startup/startup_stm32f103rbtx.o
 .debug_rnglists
                0x00000266       0xa3 ./Drivers/STM32F1xx_HAL_Driver/Src/stm32f1xx_hal.o
 .debug_rnglists
                0x00000309       0xbc ./Drivers/STM32F1xx_HAL_Driver/Src/stm32f1xx_hal_adc.o
 .debug_rnglists
                0x000003c5       0x65 ./Drivers/STM32F1xx_HAL_Driver/Src/stm32f1xx_hal_adc_ex.o
 .debug_rnglists
                0x0000042a       0xbb ./Drivers/STM32F1xx_HAL_Driver/Src/stm32f1xx_hal_cortex.o
 .debug_rnglists
                0x000004e5       0x64 ./Drivers/STM32F1xx_HAL_Driver/Src/stm32f1xx_hal_dma.o
 .debug_rnglists
                0x00000549       0x3f ./Drivers/STM32F1xx_HAL_Driver/Src/stm32f1xx_hal_gpio.o
 .debug_rnglists
                0x00000588       0x6c ./Drivers/STM32F1xx_HAL_Driver/Src/stm32f1xx_hal_rcc.o
 .debug_rnglists
                0x000005f4       0x21 ./Drivers/STM32F1xx_HAL_Driver/Src/stm32f1xx_hal_rcc_ex.o
 .debug_rnglists
                0x00000615      0x31a ./Drivers/STM32F1xx_HAL_Driver/Src/stm32f1xx_hal_tim.o
 .debug_rnglists
                0x0000092f      0x125 ./Drivers/STM32F1xx_HAL_Driver/Src/stm32f1xx_hal_tim_ex.o
 .debug_rnglists
                0x00000a54      0x1bc ./Drivers/STM32F1xx_HAL_Driver/Src/stm32f1xx_hal_uart.o

.debug_macro    0x00000000    0x198bf
 .debug_macro   0x00000000      0x2da ./Core/Inc/Color.o
 .debug_macro   0x000002da      0xacc ./Core/Inc/Color.o
 .debug_macro   0x00000da6      0x227 ./Core/Inc/Color.o